Archive member included to satisfy reference by file (symbol)

C:/Program Files/SEGGER/SEGGER Embedded Studio for ARM 5.70a/lib/libm_v7em_fpv4_sp_d16_hard_t_le_eabi.a(libm_asm.o)
                              Output/nrf52832_xxaa/Obj/ss_twr_resp/deca_device.o (__aeabi_dsub)
C:/Program Files/SEGGER/SEGGER Embedded Studio for ARM 5.70a/lib/libc_v7em_fpv4_sp_d16_hard_t_le_eabi.a(libc2.o)
                              Output/nrf52832_xxaa/Obj/ss_twr_resp/ss_resp_main.o (memcmp)
C:/Program Files/SEGGER/SEGGER Embedded Studio for ARM 5.70a/lib/libc_v7em_fpv4_sp_d16_hard_t_le_eabi.a(libc2_asm.o)
                              Output/nrf52832_xxaa/Obj/ss_twr_resp/nrf_memobj.o (memcpy)
C:/Program Files/SEGGER/SEGGER Embedded Studio for ARM 5.70a/lib/libc_v7em_fpv4_sp_d16_hard_t_le_eabi.a(libvfprintf.o)
                              (__vfprintf_short_float_long)
C:/Program Files/SEGGER/SEGGER Embedded Studio for ARM 5.70a/lib/libc_v7em_fpv4_sp_d16_hard_t_le_eabi.a(libvfscanf.o)
                              (__vfscanf_int)
C:/Program Files/SEGGER/SEGGER Embedded Studio for ARM 5.70a/lib/libc_v7em_fpv4_sp_d16_hard_t_le_eabi.a(libc_asm.o)
                              C:/Program Files/SEGGER/SEGGER Embedded Studio for ARM 5.70a/lib/libc_v7em_fpv4_sp_d16_hard_t_le_eabi.a(libc2.o) (__aeabi_uldivmod)
C:/Program Files/SEGGER/SEGGER Embedded Studio for ARM 5.70a/lib/libdebugio_v7em_fpv4_sp_d16_hard_t_le_eabi.a(libdebugio.o)
                              Output/nrf52832_xxaa/Obj/ss_twr_resp/thumb_crt0.o (debug_fopen)
C:/Program Files/SEGGER/SEGGER Embedded Studio for ARM 5.70a/lib/libdebugio_v7em_fpv4_sp_d16_hard_t_le_eabi.a(do_nv_debug_operation.o)
                              C:/Program Files/SEGGER/SEGGER Embedded Studio for ARM 5.70a/lib/libdebugio_v7em_fpv4_sp_d16_hard_t_le_eabi.a(libdebugio.o) (__do_nvdebug_operation)
C:/Program Files/SEGGER/SEGGER Embedded Studio for ARM 5.70a/lib/libdebugio_v7em_fpv4_sp_d16_hard_t_le_eabi.a(mempoll_debug_operations.o)
                              (__do_debug_operation_mempoll)
C:/Program Files/SEGGER/SEGGER Embedded Studio for ARM 5.70a/lib/libm_v7em_fpv4_sp_d16_hard_t_le_eabi.a(libm2.o)
                              C:/Program Files/SEGGER/SEGGER Embedded Studio for ARM 5.70a/lib/libc_v7em_fpv4_sp_d16_hard_t_le_eabi.a(libvfprintf.o) (frexp)

Discarded input sections

 .text          0x0000000000000000        0x0 Output/nrf52832_xxaa/Obj/ss_twr_resp/thumb_crt0.o
 .data          0x0000000000000000        0x0 Output/nrf52832_xxaa/Obj/ss_twr_resp/thumb_crt0.o
 .bss           0x0000000000000000        0x0 Output/nrf52832_xxaa/Obj/ss_twr_resp/thumb_crt0.o
 .text.__aeabi_read_tp
                0x0000000000000000        0x8 Output/nrf52832_xxaa/Obj/ss_twr_resp/thumb_crt0.o
 .text.__heap_lock
                0x0000000000000000        0x2 Output/nrf52832_xxaa/Obj/ss_twr_resp/thumb_crt0.o
 .text.__heap_unlock
                0x0000000000000000        0x2 Output/nrf52832_xxaa/Obj/ss_twr_resp/thumb_crt0.o
 .text.__printf_lock
                0x0000000000000000        0x2 Output/nrf52832_xxaa/Obj/ss_twr_resp/thumb_crt0.o
 .text.__printf_unlock
                0x0000000000000000        0x2 Output/nrf52832_xxaa/Obj/ss_twr_resp/thumb_crt0.o
 .text.__scanf_lock
                0x0000000000000000        0x2 Output/nrf52832_xxaa/Obj/ss_twr_resp/thumb_crt0.o
 .text.__scanf_unlock
                0x0000000000000000        0x2 Output/nrf52832_xxaa/Obj/ss_twr_resp/thumb_crt0.o
 .text.__debug_io_lock
                0x0000000000000000        0x2 Output/nrf52832_xxaa/Obj/ss_twr_resp/thumb_crt0.o
 .text.__debug_io_unlock
                0x0000000000000000        0x2 Output/nrf52832_xxaa/Obj/ss_twr_resp/thumb_crt0.o
 .text.abort    0x0000000000000000        0x2 Output/nrf52832_xxaa/Obj/ss_twr_resp/thumb_crt0.o
 .text.__assert
                0x0000000000000000        0x2 Output/nrf52832_xxaa/Obj/ss_twr_resp/thumb_crt0.o
 .text.__aeabi_assert
                0x0000000000000000        0x2 Output/nrf52832_xxaa/Obj/ss_twr_resp/thumb_crt0.o
 .text.__cxa_pure_virtual
                0x0000000000000000        0x2 Output/nrf52832_xxaa/Obj/ss_twr_resp/thumb_crt0.o
 .text.__cxa_guard_acquire
                0x0000000000000000       0x10 Output/nrf52832_xxaa/Obj/ss_twr_resp/thumb_crt0.o
 .text.__cxa_guard_release
                0x0000000000000000        0x6 Output/nrf52832_xxaa/Obj/ss_twr_resp/thumb_crt0.o
 .text.__cxa_guard_abort
                0x0000000000000000        0x2 Output/nrf52832_xxaa/Obj/ss_twr_resp/thumb_crt0.o
 .text.__sync_synchronize
                0x0000000000000000        0x2 Output/nrf52832_xxaa/Obj/ss_twr_resp/thumb_crt0.o
 .text.__open   0x0000000000000000        0x4 Output/nrf52832_xxaa/Obj/ss_twr_resp/thumb_crt0.o
 .text.__close  0x0000000000000000        0x4 Output/nrf52832_xxaa/Obj/ss_twr_resp/thumb_crt0.o
 .text.__write  0x0000000000000000        0xa Output/nrf52832_xxaa/Obj/ss_twr_resp/thumb_crt0.o
[...]
Memory Configuration

Name             Origin             Length             Attributes
UNPLACED_SECTIONS 0x0000000100000000 0x0000000000000000 xw
FLASH            0x0000000000000000 0x0000000000080000 xr
SRAM             0x0000000020000000 0x0000000000010000 xw
*default*        0x0000000000000000 0xffffffffffffffff

Linker script and memory map

                0x0000000000000000                __do_debug_operation = __do_debug_operation_mempoll
                0x0000000000000000                __vfprintf = __vfprintf_short_float_long
                0x0000000000000000                __vfscanf = __vfscanf_int
                0x0000000000000000                __FLASH_segment_start__ = 0x0
                0x0000000000080000                __FLASH_segment_end__ = 0x80000
                0x0000000000080000                __FLASH_segment_size__ = 0x80000
                0x0000000020000000                __SRAM_segment_start__ = 0x20000000
                0x0000000020010000                __SRAM_segment_end__ = 0x20010000
                0x0000000000010000                __SRAM_segment_size__ = 0x10000
                0x0000000000000400                __HEAPSIZE__ = 0x400
                0x0000000000000000                __STACKSIZE_PROCESS__ = 0x0
                0x0000000000000400                __STACKSIZE__ = 0x400
                0x0000000020000000                __vectors_ram_load_start__ = ALIGN (__SRAM_segment_start__, 0x100)

.vectors_ram    0x0000000020000000        0x0
                0x0000000020000000                __vectors_ram_start__ = .
 *(.vectors_ram .vectors_ram.*)
                0x0000000020000000                __vectors_ram_end__ = (__vectors_ram_start__ + SIZEOF (.vectors_ram))
                0x0000000000000000                __vectors_ram_size__ = SIZEOF (.vectors_ram)
                0x0000000020000000                __vectors_ram_load_end__ = __vectors_ram_end__
                0x0000000000000001                . = ASSERT (((__vectors_ram_start__ == __vectors_ram_end__) || ((__vectors_ram_end__ - __SRAM_segment_start__) <= __SRAM_segment_size__)), error: .vectors_ram is too large to fit in SRAM memory segment)
                0x0000000000000000                __vectors_load_start__ = ALIGN (__FLASH_segment_start__, 0x100)

.vectors        0x0000000000000000       0xd8
                0x0000000000000000                __vectors_start__ = .
 *(.vectors .vectors.*)
 .vectors       0x0000000000000000       0xd8 Output/nrf52832_xxaa/Obj/ss_twr_resp/ses_nrf52_startup.o
                0x0000000000000000                _vectors
                0x00000000000000d8                __vectors_end__ = (__vectors_start__ + SIZEOF (.vectors))
                0x00000000000000d8                __vectors_size__ = SIZEOF (.vectors)
                0x00000000000000d8                __vectors_load_end__ = __vectors_end__
                0x0000000000000001                . = ASSERT (((__vectors_start__ == __vectors_end__) || ((__vectors_end__ - __FLASH_segment_start__) <= __FLASH_segment_size__)), error: .vectors is too large to fit in FLASH memory segment)
                0x00000000000000d8                __init_load_start__ = ALIGN (__vectors_end__, 0x4)

.init           0x00000000000000d8      0x1d8
                0x00000000000000d8                __init_start__ = .
 *(.init .init.*)
 .init          0x00000000000000d8      0x16c Output/nrf52832_xxaa/Obj/ss_twr_resp/thumb_crt0.o
                0x00000000000000d8                _start
                0x0000000000000194                exit
 .init          0x0000000000000244       0x6c Output/nrf52832_xxaa/Obj/ss_twr_resp/ses_nrf52_startup.o
                0x0000000000000244                NMI_Handler
                0x0000000000000246                HardFault_Handler
                0x0000000000000248                MemoryManagement_Handler
                0x000000000000024a                BusFault_Handler
                0x000000000000024c                UsageFault_Handler
                0x0000000000000250                DebugMon_Handler
                0x0000000000000254                SysTick_Handler
                0x0000000000000258                RADIO_IRQHandler
                0x000000000000025c                SPIM0_SPIS0_TWIM0_TWIS0_SPI0_TWI0_IRQHandler
                0x0000000000000260                NFCT_IRQHandler
                0x0000000000000264                SAADC_IRQHandler
                0x0000000000000266                TIMER0_IRQHandler
                0x0000000000000268                TIMER1_IRQHandler
                0x000000000000026a                TIMER2_IRQHandler
                0x000000000000026c                RTC0_IRQHandler
                0x000000000000026e                TEMP_IRQHandler
                0x0000000000000270                RNG_IRQHandler
                0x0000000000000272                ECB_IRQHandler
                0x0000000000000274                CCM_AAR_IRQHandler
                0x0000000000000276                WDT_IRQHandler
                0x000000000000027a                QDEC_IRQHandler
                0x000000000000027c                COMP_LPCOMP_IRQHandler
                0x000000000000027e                SWI0_EGU0_IRQHandler
                0x0000000000000280                SWI1_EGU1_IRQHandler
                0x0000000000000282                SWI2_EGU2_IRQHandler
                0x0000000000000284                SWI3_EGU3_IRQHandler
                0x0000000000000286                SWI4_EGU4_IRQHandler
                0x0000000000000288                SWI5_EGU5_IRQHandler
                0x000000000000028a                TIMER3_IRQHandler
                0x000000000000028c                TIMER4_IRQHandler
                0x000000000000028e                PWM0_IRQHandler
                0x0000000000000290                PDM_IRQHandler
                0x0000000000000292                MWU_IRQHandler
                0x0000000000000294                PWM1_IRQHandler
                0x0000000000000296                PWM2_IRQHandler
                0x0000000000000298                SPIM2_SPIS2_SPI2_IRQHandler
                0x000000000000029a                RTC2_IRQHandler
                0x000000000000029c                I2S_IRQHandler
                0x000000000000029e                reset_handler
                0x00000000000002b0                __init_end__ = (__init_start__ + SIZEOF (.init))
                0x00000000000001d8                __init_size__ = SIZEOF (.init)
                0x00000000000002b0                __init_load_end__ = __init_end__
                0x0000000000000001                . = ASSERT (((__init_start__ == __init_end__) || ((__init_end__ - __FLASH_segment_start__) <= __FLASH_segment_size__)), error: .init is too large to fit in FLASH memory segment)
                0x00000000000002b0                __init_rodata_load_start__ = ALIGN (__init_end__, 0x4)

.init_rodata    0x00000000000002b0        0x0
                0x00000000000002b0                __init_rodata_start__ = .
 *(.init_rodata .init_rodata.*)
                0x00000000000002b0                __init_rodata_end__ = (__init_rodata_start__ + SIZEOF (.init_rodata))
                0x0000000000000000                __init_rodata_size__ = SIZEOF (.init_rodata)
                0x00000000000002b0                __init_rodata_load_end__ = __init_rodata_end__
                0x0000000000000001                . = ASSERT (((__init_rodata_start__ == __init_rodata_end__) || ((__init_rodata_end__ - __FLASH_segment_start__) <= __FLASH_segment_size__)), error: .init_rodata is too large to fit in FLASH memory segment)
                0x00000000000002b0                __text_load_start__ = ALIGN (__init_rodata_end__, 0x4)

.text           0x00000000000002b0     0x574c
                0x00000000000002b0                __text_start__ = .
 *(.text .text.* .glue_7t .glue_7 .gnu.linkonce.t.* .gcc_except_table .ARM.extab* .gnu.linkonce.armextab.*)
 .glue_7        0x00000000000002b0        0x0 linker stubs
 .glue_7t       0x00000000000002b0        0x0 linker stubs
 .text.NVIC_SystemReset
                0x00000000000002b0       0x2c Output/nrf52832_xxaa/Obj/ss_twr_resp/system_nrf52.o
 .text.SystemCoreClockUpdate
                0x00000000000002dc       0x14 Output/nrf52832_xxaa/Obj/ss_twr_resp/system_nrf52.o
                0x00000000000002dc                SystemCoreClockUpdate
 .text.SystemInit
                0x00000000000002f0      0x2c0 Output/nrf52832_xxaa/Obj/ss_twr_resp/system_nrf52.o
                0x00000000000002f0                SystemInit
 .text.errata_12
                0x00000000000005b0       0x58 Output/nrf52832_xxaa/Obj/ss_twr_resp/system_nrf52.o
 .text.errata_16
                0x0000000000000608       0x38 Output/nrf52832_xxaa/Obj/ss_twr_resp/system_nrf52.o
 .text.errata_31
                0x0000000000000640       0x58 Output/nrf52832_xxaa/Obj/ss_twr_resp/system_nrf52.o
 .text.errata_32
                0x0000000000000698       0x38 Output/nrf52832_xxaa/Obj/ss_twr_resp/system_nrf52.o
 .text.errata_36
                0x00000000000006d0       0x58 Output/nrf52832_xxaa/Obj/ss_twr_resp/system_nrf52.o
 .text.errata_37
                0x0000000000000728       0x38 Output/nrf52832_xxaa/Obj/ss_twr_resp/system_nrf52.o
 .text.errata_57
                0x0000000000000760       0x38 Output/nrf52832_xxaa/Obj/ss_twr_resp/system_nrf52.o
 .text.errata_66
                0x0000000000000798       0x38 Output/nrf52832_xxaa/Obj/ss_twr_resp/system_nrf52.o
 .text.errata_108
                0x00000000000007d0       0x58 Output/nrf52832_xxaa/Obj/ss_twr_resp/system_nrf52.o
 .text.errata_136
                0x0000000000000828       0x58 Output/nrf52832_xxaa/Obj/ss_twr_resp/system_nrf52.o
 .text.nrf_gpio_pin_port_decode
                0x0000000000000880        0xe Output/nrf52832_xxaa/Obj/ss_twr_resp/main.o
 .text.nrf_gpio_cfg
                0x000000000000088e       0x62 Output/nrf52832_xxaa/Obj/ss_twr_resp/main.o
 .text.nrf_gpio_cfg_output
                0x00000000000008f0       0x22 Output/nrf52832_xxaa/Obj/ss_twr_resp/main.o
 .text.nrf_gpio_cfg_input
                0x0000000000000912       0x2a Output/nrf52832_xxaa/Obj/ss_twr_resp/main.o
 .text.led_toggle_task_function
                0x000000000000093c       0x36 Output/nrf52832_xxaa/Obj/ss_twr_resp/main.o
 .text.led_toggle_timer_callback
                0x0000000000000972       0x32 Output/nrf52832_xxaa/Obj/ss_twr_resp/main.o
 .text.main     0x00000000000009a4      0x120 Output/nrf52832_xxaa/Obj/ss_twr_resp/main.o
                0x00000000000009a4                main
 .text.nrf_gpio_pin_port_decode
                0x0000000000000ac4        0xe Output/nrf52832_xxaa/Obj/ss_twr_resp/ss_resp_main.o
 .text.nrf_gpio_cfg
                0x0000000000000ad2       0x62 Output/nrf52832_xxaa/Obj/ss_twr_resp/ss_resp_main.o
 .text.nrf_gpio_cfg_output
                0x0000000000000b34       0x22 Output/nrf52832_xxaa/Obj/ss_twr_resp/ss_resp_main.o
 .text.nrf_gpio_pin_set
                0x0000000000000b56       0x28 Output/nrf52832_xxaa/Obj/ss_twr_resp/ss_resp_main.o
 .text.nrf_gpio_pin_clear
                0x0000000000000b7e       0x28 Output/nrf52832_xxaa/Obj/ss_twr_resp/ss_resp_main.o
 .text.nrf_gpio_port_out_set
                0x0000000000000ba6       0x14 Output/nrf52832_xxaa/Obj/ss_twr_resp/ss_resp_main.o
 .text.nrf_gpio_port_out_clear
                0x0000000000000bba       0x14 Output/nrf52832_xxaa/Obj/ss_twr_resp/ss_resp_main.o
 .text.mod_pow  0x0000000000000bce       0x74 Output/nrf52832_xxaa/Obj/ss_twr_resp/ss_resp_main.o
                0x0000000000000bce                mod_pow
 *fill*         0x0000000000000c42        0x2 
 .text.ss_resp_run
                0x0000000000000c44      0x278 Output/nrf52832_xxaa/Obj/ss_twr_resp/ss_resp_main.o
                0x0000000000000c44                ss_resp_run
 .text.get_rx_timestamp_u64
                0x0000000000000ebc       0x6e Output/nrf52832_xxaa/Obj/ss_twr_resp/ss_resp_main.o
 .text.get_tx_timestamp_u64
                0x0000000000000f2a       0x6e Output/nrf52832_xxaa/Obj/ss_twr_resp/ss_resp_main.o
 .text.final_msg_set_ts
                0x0000000000000f98       0x54 Output/nrf52832_xxaa/Obj/ss_twr_resp/ss_resp_main.o
 .text.ss_responder_task_function
                0x0000000000000fec       0x18 Output/nrf52832_xxaa/Obj/ss_twr_resp/ss_resp_main.o
                0x0000000000000fec                ss_responder_task_function
 .text.NVIC_EnableIRQ
                0x0000000000001004       0x2c Output/nrf52832_xxaa/Obj/ss_twr_resp/nrf_drv_common.o
 .text.NVIC_ClearPendingIRQ
                0x0000000000001030       0x30 Output/nrf52832_xxaa/Obj/ss_twr_resp/nrf_drv_common.o
 .text.NVIC_SetPriority
                0x0000000000001060       0x50 Output/nrf52832_xxaa/Obj/ss_twr_resp/nrf_drv_common.o
 .text.nrf_drv_common_irq_enable
                0x00000000000010b0       0x3e Output/nrf52832_xxaa/Obj/ss_twr_resp/nrf_drv_common.o
                0x00000000000010b0                nrf_drv_common_irq_enable
 .text.nrf_gpiote_event_is_set
                0x00000000000010ee       0x2a Output/nrf52832_xxaa/Obj/ss_twr_resp/nrf_drv_gpiote.o
 .text.nrf_gpiote_event_clear
                0x0000000000001118       0x36 Output/nrf52832_xxaa/Obj/ss_twr_resp/nrf_drv_gpiote.o
 .text.nrf_gpiote_event_addr_get
                0x000000000000114e       0x1a Output/nrf52832_xxaa/Obj/ss_twr_resp/nrf_drv_gpiote.o
 .text.nrf_gpiote_int_is_enabled
                0x0000000000001168       0x18 Output/nrf52832_xxaa/Obj/ss_twr_resp/nrf_drv_gpiote.o
 .text.nrf_gpiote_event_pin_get
                0x0000000000001180       0x20 Output/nrf52832_xxaa/Obj/ss_twr_resp/nrf_drv_gpiote.o
 .text.nrf_gpiote_event_polarity_get
                0x00000000000011a0       0x24 Output/nrf52832_xxaa/Obj/ss_twr_resp/nrf_drv_gpiote.o
 .text.nrf_gpio_pin_port_decode
                0x00000000000011c4        0xe Output/nrf52832_xxaa/Obj/ss_twr_resp/nrf_drv_gpiote.o
 .text.nrf_gpio_cfg_sense_set
                0x00000000000011d2       0x5c Output/nrf52832_xxaa/Obj/ss_twr_resp/nrf_drv_gpiote.o
 .text.nrf_gpio_pin_sense_get
                0x000000000000122e       0x2c Output/nrf52832_xxaa/Obj/ss_twr_resp/nrf_drv_gpiote.o
 .text.nrf_gpio_port_in_read
                0x000000000000125a       0x10 Output/nrf52832_xxaa/Obj/ss_twr_resp/nrf_drv_gpiote.o
 .text.nrf_gpio_ports_read
                0x000000000000126a       0x50 Output/nrf52832_xxaa/Obj/ss_twr_resp/nrf_drv_gpiote.o
 .text.nrf_bitmask_bit_is_set
                0x00000000000012ba       0x30 Output/nrf52832_xxaa/Obj/ss_twr_resp/nrf_drv_gpiote.o
 .text.nrf_bitmask_bit_set
                0x00000000000012ea       0x40 Output/nrf52832_xxaa/Obj/ss_twr_resp/nrf_drv_gpiote.o
 *fill*         0x000000000000132a        0x2 
 .text.channel_port_get
                0x000000000000132c       0x1c Output/nrf52832_xxaa/Obj/ss_twr_resp/nrf_drv_gpiote.o
 .text.channel_handler_get
                0x0000000000001348       0x18 Output/nrf52832_xxaa/Obj/ss_twr_resp/nrf_drv_gpiote.o
 .text.GPIOTE_IRQHandler
                0x0000000000001360      0x2e0 Output/nrf52832_xxaa/Obj/ss_twr_resp/nrf_drv_gpiote.o
                0x0000000000001360                GPIOTE_IRQHandler
 .text.NVIC_DisableIRQ
                0x0000000000001640       0x30 Output/nrf52832_xxaa/Obj/ss_twr_resp/nrf_drv_spi.o
 .text.nrf_spi_event_clear
                0x0000000000001670       0x2a Output/nrf52832_xxaa/Obj/ss_twr_resp/nrf_drv_spi.o
 .text.nrf_spi_event_check
                0x000000000000169a       0x24 Output/nrf52832_xxaa/Obj/ss_twr_resp/nrf_drv_spi.o
 .text.nrf_spi_int_enable
                0x00000000000016be       0x14 Output/nrf52832_xxaa/Obj/ss_twr_resp/nrf_drv_spi.o
 .text.nrf_spi_int_disable
                0x00000000000016d2       0x14 Output/nrf52832_xxaa/Obj/ss_twr_resp/nrf_drv_spi.o
 .text.nrf_spi_enable
                0x00000000000016e6       0x12 Output/nrf52832_xxaa/Obj/ss_twr_resp/nrf_drv_spi.o
 .text.nrf_spi_disable
                0x00000000000016f8       0x12 Output/nrf52832_xxaa/Obj/ss_twr_resp/nrf_drv_spi.o
 .text.nrf_spi_pins_set
                0x000000000000170a       0x28 Output/nrf52832_xxaa/Obj/ss_twr_resp/nrf_drv_spi.o
 .text.nrf_spi_txd_set
                0x0000000000001732       0x1a Output/nrf52832_xxaa/Obj/ss_twr_resp/nrf_drv_spi.o
 .text.nrf_spi_rxd_get
                0x000000000000174c       0x12 Output/nrf52832_xxaa/Obj/ss_twr_resp/nrf_drv_spi.o
 .text.nrf_spi_frequency_set
                0x000000000000175e       0x14 Output/nrf52832_xxaa/Obj/ss_twr_resp/nrf_drv_spi.o
 .text.nrf_spi_configure
                0x0000000000001772       0x64 Output/nrf52832_xxaa/Obj/ss_twr_resp/nrf_drv_spi.o
 .text.nrf_drv_common_irq_disable
                0x00000000000017d6       0x1c Output/nrf52832_xxaa/Obj/ss_twr_resp/nrf_drv_spi.o
 .text.nrf_gpio_pin_port_decode
                0x00000000000017f2        0xe Output/nrf52832_xxaa/Obj/ss_twr_resp/nrf_drv_spi.o
 .text.nrf_gpio_cfg
                0x0000000000001800       0x62 Output/nrf52832_xxaa/Obj/ss_twr_resp/nrf_drv_spi.o
 .text.nrf_gpio_cfg_output
                0x0000000000001862       0x22 Output/nrf52832_xxaa/Obj/ss_twr_resp/nrf_drv_spi.o
 .text.nrf_gpio_cfg_input
                0x0000000000001884       0x2a Output/nrf52832_xxaa/Obj/ss_twr_resp/nrf_drv_spi.o
 .text.nrf_gpio_pin_set
                0x00000000000018ae       0x28 Output/nrf52832_xxaa/Obj/ss_twr_resp/nrf_drv_spi.o
 .text.nrf_gpio_pin_clear
                0x00000000000018d6       0x28 Output/nrf52832_xxaa/Obj/ss_twr_resp/nrf_drv_spi.o
 .text.nrf_gpio_port_out_set
                0x00000000000018fe       0x14 Output/nrf52832_xxaa/Obj/ss_twr_resp/nrf_drv_spi.o
 .text.nrf_gpio_port_out_clear
                0x0000000000001912       0x14 Output/nrf52832_xxaa/Obj/ss_twr_resp/nrf_drv_spi.o
 *fill*         0x0000000000001926        0x2 
 .text.nrf_drv_spi_init
                0x0000000000001928      0x188 Output/nrf52832_xxaa/Obj/ss_twr_resp/nrf_drv_spi.o
                0x0000000000001928                nrf_drv_spi_init
 .text.nrf_drv_spi_uninit
                0x0000000000001ab0       0x60 Output/nrf52832_xxaa/Obj/ss_twr_resp/nrf_drv_spi.o
                0x0000000000001ab0                nrf_drv_spi_uninit
 .text.nrf_drv_spi_transfer
                0x0000000000001b10       0x3e Output/nrf52832_xxaa/Obj/ss_twr_resp/nrf_drv_spi.o
                0x0000000000001b10                nrf_drv_spi_transfer
 .text.finish_transfer
                0x0000000000001b4e       0x3e Output/nrf52832_xxaa/Obj/ss_twr_resp/nrf_drv_spi.o
 .text.transfer_byte
                0x0000000000001b8c      0x108 Output/nrf52832_xxaa/Obj/ss_twr_resp/nrf_drv_spi.o
 .text.spi_xfer
                0x0000000000001c94       0xca Output/nrf52832_xxaa/Obj/ss_twr_resp/nrf_drv_spi.o
 *fill*         0x0000000000001d5e        0x2 
 .text.nrf_drv_spi_xfer
                0x0000000000001d60       0xc4 Output/nrf52832_xxaa/Obj/ss_twr_resp/nrf_drv_spi.o
                0x0000000000001d60                nrf_drv_spi_xfer
 .text.irq_handler_spi
                0x0000000000001e24       0x34 Output/nrf52832_xxaa/Obj/ss_twr_resp/nrf_drv_spi.o
 .text.SPIM1_SPIS1_TWIM1_TWIS1_SPI1_TWI1_IRQHandler
                0x0000000000001e58       0x20 Output/nrf52832_xxaa/Obj/ss_twr_resp/nrf_drv_spi.o
                0x0000000000001e58                SPIM1_SPIS1_TWIM1_TWIS1_SPI1_TWI1_IRQHandler
 .text.nrf_uart_event_clear
                0x0000000000001e78       0x2a Output/nrf52832_xxaa/Obj/ss_twr_resp/nrf_drv_uart.o
 .text.nrf_uart_event_check
                0x0000000000001ea2       0x24 Output/nrf52832_xxaa/Obj/ss_twr_resp/nrf_drv_uart.o
 .text.nrf_uart_int_enable_check
                0x0000000000001ec6       0x20 Output/nrf52832_xxaa/Obj/ss_twr_resp/nrf_drv_uart.o
 .text.nrf_uart_int_disable
                0x0000000000001ee6       0x14 Output/nrf52832_xxaa/Obj/ss_twr_resp/nrf_drv_uart.o
 .text.nrf_uart_errorsrc_get_and_clear
                0x0000000000001efa       0x1c Output/nrf52832_xxaa/Obj/ss_twr_resp/nrf_drv_uart.o
 .text.nrf_uart_rxd_get
                0x0000000000001f16       0x12 Output/nrf52832_xxaa/Obj/ss_twr_resp/nrf_drv_uart.o
 .text.nrf_uart_txd_set
                0x0000000000001f28       0x1a Output/nrf52832_xxaa/Obj/ss_twr_resp/nrf_drv_uart.o
 .text.nrf_uart_task_trigger
                0x0000000000001f42       0x1c Output/nrf52832_xxaa/Obj/ss_twr_resp/nrf_drv_uart.o
 .text.nrf_uarte_event_clear
                0x0000000000001f5e       0x2a Output/nrf52832_xxaa/Obj/ss_twr_resp/nrf_drv_uart.o
 .text.nrf_uarte_event_check
                0x0000000000001f88       0x24 Output/nrf52832_xxaa/Obj/ss_twr_resp/nrf_drv_uart.o
 .text.nrf_uarte_shorts_disable
                0x0000000000001fac       0x1e Output/nrf52832_xxaa/Obj/ss_twr_resp/nrf_drv_uart.o
 .text.nrf_uarte_errorsrc_get_and_clear
                0x0000000000001fca       0x1c Output/nrf52832_xxaa/Obj/ss_twr_resp/nrf_drv_uart.o
 .text.nrf_uarte_tx_amount_get
                0x0000000000001fe6       0x10 Output/nrf52832_xxaa/Obj/ss_twr_resp/nrf_drv_uart.o
 .text.nrf_uarte_rx_amount_get
                0x0000000000001ff6       0x10 Output/nrf52832_xxaa/Obj/ss_twr_resp/nrf_drv_uart.o
 .text.tx_byte  0x0000000000002006       0x46 Output/nrf52832_xxaa/Obj/ss_twr_resp/nrf_drv_uart.o
 .text.rx_byte  0x000000000000204c       0x54 Output/nrf52832_xxaa/Obj/ss_twr_resp/nrf_drv_uart.o
 .text.rx_done_event
                0x00000000000020a0       0x36 Output/nrf52832_xxaa/Obj/ss_twr_resp/nrf_drv_uart.o
 .text.tx_done_event
                0x00000000000020d6       0x3c Output/nrf52832_xxaa/Obj/ss_twr_resp/nrf_drv_uart.o
 .text.uart_irq_handler
                0x0000000000002112      0x1d4 Output/nrf52832_xxaa/Obj/ss_twr_resp/nrf_drv_uart.o
 .text.uarte_irq_handler
                0x00000000000022e6      0x160 Output/nrf52832_xxaa/Obj/ss_twr_resp/nrf_drv_uart.o
 *fill*         0x0000000000002446        0x2 
 .text.UARTE0_UART0_IRQHandler
                0x0000000000002448       0x28 Output/nrf52832_xxaa/Obj/ss_twr_resp/nrf_drv_uart.o
                0x0000000000002448                UARTE0_UART0_IRQHandler
 .text.nrf_clock_int_enable
                0x0000000000002470       0x14 Output/nrf52832_xxaa/Obj/ss_twr_resp/nrf_drv_clock.o
 .text.nrf_clock_int_disable
                0x0000000000002484       0x14 Output/nrf52832_xxaa/Obj/ss_twr_resp/nrf_drv_clock.o
 .text.nrf_clock_task_trigger
                0x0000000000002498       0x1a Output/nrf52832_xxaa/Obj/ss_twr_resp/nrf_drv_clock.o
 .text.nrf_clock_event_clear
                0x00000000000024b2       0x28 Output/nrf52832_xxaa/Obj/ss_twr_resp/nrf_drv_clock.o
 .text.nrf_clock_event_check
                0x00000000000024da       0x22 Output/nrf52832_xxaa/Obj/ss_twr_resp/nrf_drv_clock.o
 .text.lfclk_start
                0x00000000000024fc       0x1a Output/nrf52832_xxaa/Obj/ss_twr_resp/nrf_drv_clock.o
 .text.item_enqueue
                0x0000000000002516       0x38 Output/nrf52832_xxaa/Obj/ss_twr_resp/nrf_drv_clock.o
 .text.item_dequeue
                0x000000000000254e       0x20 Output/nrf52832_xxaa/Obj/ss_twr_resp/nrf_drv_clock.o
 *fill*         0x000000000000256e        0x2 
 .text.nrf_drv_clock_lfclk_request
                0x0000000000002570       0x78 Output/nrf52832_xxaa/Obj/ss_twr_resp/nrf_drv_clock.o
                0x0000000000002570                nrf_drv_clock_lfclk_request
 .text.clock_clk_started_notify
                0x00000000000025e8       0x4c Output/nrf52832_xxaa/Obj/ss_twr_resp/nrf_drv_clock.o
 .text.POWER_CLOCK_IRQHandler
                0x0000000000002634       0x5c Output/nrf52832_xxaa/Obj/ss_twr_resp/nrf_drv_clock.o
                0x0000000000002634                POWER_CLOCK_IRQHandler
 .text.app_error_handler_bare
                0x0000000000002690       0x2a Output/nrf52832_xxaa/Obj/ss_twr_resp/app_error.o
                0x0000000000002690                app_error_handler_bare
 *fill*         0x00000000000026ba        0x2 
 .text.NVIC_SystemReset
                0x00000000000026bc       0x2c Output/nrf52832_xxaa/Obj/ss_twr_resp/app_error_weak.o
 .text.app_error_fault_handler
                0x00000000000026e8       0x28 Output/nrf52832_xxaa/Obj/ss_twr_resp/app_error_weak.o
                0x00000000000026e8                app_error_fault_handler
 .text.app_util_disable_irq
                0x0000000000002710       0x18 Output/nrf52832_xxaa/Obj/ss_twr_resp/app_util_platform.o
                0x0000000000002710                app_util_disable_irq
 .text.app_util_enable_irq
                0x0000000000002728       0x20 Output/nrf52832_xxaa/Obj/ss_twr_resp/app_util_platform.o
                0x0000000000002728                app_util_enable_irq
 .text.app_util_critical_region_enter
                0x0000000000002748       0x12 Output/nrf52832_xxaa/Obj/ss_twr_resp/app_util_platform.o
                0x0000000000002748                app_util_critical_region_enter
 .text.app_util_critical_region_exit
                0x000000000000275a       0x16 Output/nrf52832_xxaa/Obj/ss_twr_resp/app_util_platform.o
                0x000000000000275a                app_util_critical_region_exit
 .text.dwt_initialise
                0x0000000000002770      0x184 Output/nrf52832_xxaa/Obj/ss_twr_resp/deca_device.o
                0x0000000000002770                dwt_initialise
 .text.dwt_readdevid
                0x00000000000028f4       0x10 Output/nrf52832_xxaa/Obj/ss_twr_resp/deca_device.o
                0x00000000000028f4                dwt_readdevid
 .text.dwt_configure
                0x0000000000002904      0x304 Output/nrf52832_xxaa/Obj/ss_twr_resp/deca_device.o
                0x0000000000002904                dwt_configure
 .text.dwt_setrxantennadelay
                0x0000000000002c08       0x22 Output/nrf52832_xxaa/Obj/ss_twr_resp/deca_device.o
                0x0000000000002c08                dwt_setrxantennadelay
 .text.dwt_settxantennadelay
                0x0000000000002c2a       0x20 Output/nrf52832_xxaa/Obj/ss_twr_resp/deca_device.o
                0x0000000000002c2a                dwt_settxantennadelay
 .text.dwt_writetxdata
                0x0000000000002c4a       0x46 Output/nrf52832_xxaa/Obj/ss_twr_resp/deca_device.o
                0x0000000000002c4a                dwt_writetxdata
 .text.dwt_writetxfctrl
                0x0000000000002c90       0x44 Output/nrf52832_xxaa/Obj/ss_twr_resp/deca_device.o
                0x0000000000002c90                dwt_writetxfctrl
 .text.dwt_readrxdata
                0x0000000000002cd4       0x2a Output/nrf52832_xxaa/Obj/ss_twr_resp/deca_device.o
                0x0000000000002cd4                dwt_readrxdata
 .text.dwt_readtxtimestamp
                0x0000000000002cfe       0x1a Output/nrf52832_xxaa/Obj/ss_twr_resp/deca_device.o
                0x0000000000002cfe                dwt_readtxtimestamp
 .text.dwt_readrxtimestamp
                0x0000000000002d18       0x1a Output/nrf52832_xxaa/Obj/ss_twr_resp/deca_device.o
                0x0000000000002d18                dwt_readrxtimestamp
 .text.dwt_writetodevice
                0x0000000000002d32       0xbc Output/nrf52832_xxaa/Obj/ss_twr_resp/deca_device.o
                0x0000000000002d32                dwt_writetodevice
 .text.dwt_readfromdevice
                0x0000000000002dee       0xb6 Output/nrf52832_xxaa/Obj/ss_twr_resp/deca_device.o
                0x0000000000002dee                dwt_readfromdevice
 .text.dwt_read32bitoffsetreg
                0x0000000000002ea4       0x48 Output/nrf52832_xxaa/Obj/ss_twr_resp/deca_device.o
                0x0000000000002ea4                dwt_read32bitoffsetreg
 .text.dwt_read16bitoffsetreg
                0x0000000000002eec       0x40 Output/nrf52832_xxaa/Obj/ss_twr_resp/deca_device.o
                0x0000000000002eec                dwt_read16bitoffsetreg
 .text.dwt_read8bitoffsetreg
                0x0000000000002f2c       0x26 Output/nrf52832_xxaa/Obj/ss_twr_resp/deca_device.o
                0x0000000000002f2c                dwt_read8bitoffsetreg
 .text.dwt_write8bitoffsetreg
                0x0000000000002f52       0x28 Output/nrf52832_xxaa/Obj/ss_twr_resp/deca_device.o
                0x0000000000002f52                dwt_write8bitoffsetreg
 .text.dwt_write16bitoffsetreg
                0x0000000000002f7a       0x3e Output/nrf52832_xxaa/Obj/ss_twr_resp/deca_device.o
                0x0000000000002f7a                dwt_write16bitoffsetreg
 .text.dwt_write32bitoffsetreg
                0x0000000000002fb8       0x48 Output/nrf52832_xxaa/Obj/ss_twr_resp/deca_device.o
                0x0000000000002fb8                dwt_write32bitoffsetreg
 .text._dwt_otpread
                0x0000000000003000       0x3c Output/nrf52832_xxaa/Obj/ss_twr_resp/deca_device.o
                0x0000000000003000                _dwt_otpread
 .text._dwt_aonarrayupload
                0x000000000000303c       0x1a Output/nrf52832_xxaa/Obj/ss_twr_resp/deca_device.o
                0x000000000000303c                _dwt_aonarrayupload
 .text._dwt_configlde
                0x0000000000003056       0x3e Output/nrf52832_xxaa/Obj/ss_twr_resp/deca_device.o
                0x0000000000003056                _dwt_configlde
 .text._dwt_loaducodefromrom
                0x0000000000003094       0x24 Output/nrf52832_xxaa/Obj/ss_twr_resp/deca_device.o
                0x0000000000003094                _dwt_loaducodefromrom
 .text.dwt_setleds
                0x00000000000030b8       0xbe Output/nrf52832_xxaa/Obj/ss_twr_resp/deca_device.o
                0x00000000000030b8                dwt_setleds
 *fill*         0x0000000000003176        0x2 
 .text._dwt_enableclocks
                0x0000000000003178      0x158 Output/nrf52832_xxaa/Obj/ss_twr_resp/deca_device.o
                0x0000000000003178                _dwt_enableclocks
 .text._dwt_disablesequencing
                0x00000000000032d0       0x16 Output/nrf52832_xxaa/Obj/ss_twr_resp/deca_device.o
                0x00000000000032d0                _dwt_disablesequencing
 .text.dwt_setdelayedtrxtime
                0x00000000000032e6       0x18 Output/nrf52832_xxaa/Obj/ss_twr_resp/deca_device.o
                0x00000000000032e6                dwt_setdelayedtrxtime
 *fill*         0x00000000000032fe        0x2 
 .text.dwt_starttx
                0x0000000000003300       0xd4 Output/nrf52832_xxaa/Obj/ss_twr_resp/deca_device.o
                0x0000000000003300                dwt_starttx
 .text.dwt_setrxtimeout
                0x00000000000033d4       0x90 Output/nrf52832_xxaa/Obj/ss_twr_resp/deca_device.o
                0x00000000000033d4                dwt_setrxtimeout
 .text.dwt_rxreset
                0x0000000000003464       0x1a Output/nrf52832_xxaa/Obj/ss_twr_resp/deca_device.o
                0x0000000000003464                dwt_rxreset
 *fill*         0x000000000000347e        0x2 
 .text.dwt_softreset
                0x0000000000003480       0x48 Output/nrf52832_xxaa/Obj/ss_twr_resp/deca_device.o
                0x0000000000003480                dwt_softreset
 .text.dwt_setxtaltrim
                0x00000000000034c8       0x34 Output/nrf52832_xxaa/Obj/ss_twr_resp/deca_device.o
                0x00000000000034c8                dwt_setxtaltrim
 .text.nrf_gpio_pin_port_decode
                0x00000000000034fc        0xe Output/nrf52832_xxaa/Obj/ss_twr_resp/port_platform.o
 .text.nrf_gpio_cfg
                0x000000000000350a       0x62 Output/nrf52832_xxaa/Obj/ss_twr_resp/port_platform.o
 .text.nrf_gpio_cfg_output
                0x000000000000356c       0x22 Output/nrf52832_xxaa/Obj/ss_twr_resp/port_platform.o
 .text.nrf_gpio_cfg_input
                0x000000000000358e       0x2a Output/nrf52832_xxaa/Obj/ss_twr_resp/port_platform.o
 .text.nrf_gpio_pin_clear
                0x00000000000035b8       0x28 Output/nrf52832_xxaa/Obj/ss_twr_resp/port_platform.o
 .text.nrf_gpio_port_out_clear
                0x00000000000035e0       0x14 Output/nrf52832_xxaa/Obj/ss_twr_resp/port_platform.o
 .text.nrf_delay_us
                0x00000000000035f4       0xa0 Output/nrf52832_xxaa/Obj/ss_twr_resp/port_platform.o
 .text.nrf_delay_ms
                0x0000000000003694       0x1e Output/nrf52832_xxaa/Obj/ss_twr_resp/port_platform.o
 *fill*         0x00000000000036b2        0x2 
 .text.spi_event_handler
                0x00000000000036b4       0x18 Output/nrf52832_xxaa/Obj/ss_twr_resp/port_platform.o
                0x00000000000036b4                spi_event_handler
 .text.readfromspi
                0x00000000000036cc      0x144 Output/nrf52832_xxaa/Obj/ss_twr_resp/port_platform.o
                0x00000000000036cc                readfromspi
 .text.writetospi
                0x0000000000003810      0x130 Output/nrf52832_xxaa/Obj/ss_twr_resp/port_platform.o
                0x0000000000003810                writetospi
 .text.reset_DW1000
                0x0000000000003940       0x26 Output/nrf52832_xxaa/Obj/ss_twr_resp/port_platform.o
                0x0000000000003940                reset_DW1000
 *fill*         0x0000000000003966        0x2 
 .text.port_set_dw1000_slowrate
                0x0000000000003968       0x48 Output/nrf52832_xxaa/Obj/ss_twr_resp/port_platform.o
                0x0000000000003968                port_set_dw1000_slowrate
 .text.port_set_dw1000_fastrate
                0x00000000000039b0       0x4c Output/nrf52832_xxaa/Obj/ss_twr_resp/port_platform.o
                0x00000000000039b0                port_set_dw1000_fastrate
 .text.deca_sleep
                0x00000000000039fc       0x14 Output/nrf52832_xxaa/Obj/ss_twr_resp/port_platform.o
                0x00000000000039fc                deca_sleep
 .text.vListInitialise
                0x0000000000003a10       0x36 Output/nrf52832_xxaa/Obj/ss_twr_resp/list.o
                0x0000000000003a10                vListInitialise
 .text.vListInitialiseItem
                0x0000000000003a46       0x10 Output/nrf52832_xxaa/Obj/ss_twr_resp/list.o
                0x0000000000003a46                vListInitialiseItem
 .text.vListInsertEnd
                0x0000000000003a56       0x3e Output/nrf52832_xxaa/Obj/ss_twr_resp/list.o
                0x0000000000003a56                vListInsertEnd
 .text.vListInsert
                0x0000000000003a94       0x68 Output/nrf52832_xxaa/Obj/ss_twr_resp/list.o
                0x0000000000003a94                vListInsert
 .text.uxListRemove
                0x0000000000003afc       0x4a Output/nrf52832_xxaa/Obj/ss_twr_resp/list.o
                0x0000000000003afc                uxListRemove
 .text.ulPortRaiseBASEPRI
                0x0000000000003b46       0x20 Output/nrf52832_xxaa/Obj/ss_twr_resp/queue.o
 *fill*         0x0000000000003b66        0x2 
 .text.xQueueGenericReset
                0x0000000000003b68       0xb8 Output/nrf52832_xxaa/Obj/ss_twr_resp/queue.o
                0x0000000000003b68                xQueueGenericReset
 .text.xQueueGenericCreate
                0x0000000000003c20       0x7a Output/nrf52832_xxaa/Obj/ss_twr_resp/queue.o
                0x0000000000003c20                xQueueGenericCreate
 *fill*         0x0000000000003c9a        0x2 
 .text.xQueueGenericSend
                0x0000000000003c9c      0x15c Output/nrf52832_xxaa/Obj/ss_twr_resp/queue.o
                0x0000000000003c9c                xQueueGenericSend
 .text.xQueueGenericSendFromISR
                0x0000000000003df8       0x8c Output/nrf52832_xxaa/Obj/ss_twr_resp/queue.o
                0x0000000000003df8                xQueueGenericSendFromISR
 .text.xQueueGenericReceive
                0x0000000000003e84      0x1a8 Output/nrf52832_xxaa/Obj/ss_twr_resp/queue.o
                0x0000000000003e84                xQueueGenericReceive
 .text.prvCopyDataToQueue
                0x000000000000402c       0xd4 Output/nrf52832_xxaa/Obj/ss_twr_resp/queue.o
 .text.prvCopyDataFromQueue
                0x0000000000004100       0x4a Output/nrf52832_xxaa/Obj/ss_twr_resp/queue.o
 .text.prvUnlockQueue
                0x000000000000414a       0x96 Output/nrf52832_xxaa/Obj/ss_twr_resp/queue.o
 .text.prvIsQueueEmpty
                0x00000000000041e0       0x2a Output/nrf52832_xxaa/Obj/ss_twr_resp/queue.o
 .text.prvIsQueueFull
                0x000000000000420a       0x2e Output/nrf52832_xxaa/Obj/ss_twr_resp/queue.o
 .text.vQueueAddToRegistry
                0x0000000000004238       0x48 Output/nrf52832_xxaa/Obj/ss_twr_resp/queue.o
                0x0000000000004238                vQueueAddToRegistry
 .text.vQueueWaitForMessageRestricted
                0x0000000000004280       0x56 Output/nrf52832_xxaa/Obj/ss_twr_resp/queue.o
                0x0000000000004280                vQueueWaitForMessageRestricted
 *fill*         0x00000000000042d6        0x2 
 .text.xTaskGenericCreate
                0x00000000000042d8      0x154 Output/nrf52832_xxaa/Obj/ss_twr_resp/tasks.o
                0x00000000000042d8                xTaskGenericCreate
 .text.vTaskDelay
                0x000000000000442c       0x68 Output/nrf52832_xxaa/Obj/ss_twr_resp/tasks.o
                0x000000000000442c                vTaskDelay
 .text.vTaskStartScheduler
                0x0000000000004494       0x6c Output/nrf52832_xxaa/Obj/ss_twr_resp/tasks.o
                0x0000000000004494                vTaskStartScheduler
 .text.vTaskSuspendAll
                0x0000000000004500       0x14 Output/nrf52832_xxaa/Obj/ss_twr_resp/tasks.o
                0x0000000000004500                vTaskSuspendAll
 .text.xTaskResumeAll
                0x0000000000004514      0x114 Output/nrf52832_xxaa/Obj/ss_twr_resp/tasks.o
                0x0000000000004514                xTaskResumeAll
 .text.xTaskGetTickCount
                0x0000000000004628       0x14 Output/nrf52832_xxaa/Obj/ss_twr_resp/tasks.o
                0x0000000000004628                xTaskGetTickCount
 .text.xTaskIncrementTick
                0x000000000000463c      0x13c Output/nrf52832_xxaa/Obj/ss_twr_resp/tasks.o
                0x000000000000463c                xTaskIncrementTick
 .text.vTaskSwitchContext
                0x0000000000004778       0x90 Output/nrf52832_xxaa/Obj/ss_twr_resp/tasks.o
                0x0000000000004778                vTaskSwitchContext
 .text.vTaskPlaceOnEventList
                0x0000000000004808       0x60 Output/nrf52832_xxaa/Obj/ss_twr_resp/tasks.o
                0x0000000000004808                vTaskPlaceOnEventList
 .text.vTaskPlaceOnEventListRestricted
                0x0000000000004868       0x44 Output/nrf52832_xxaa/Obj/ss_twr_resp/tasks.o
                0x0000000000004868                vTaskPlaceOnEventListRestricted
 .text.xTaskRemoveFromEventList
                0x00000000000048ac       0xa8 Output/nrf52832_xxaa/Obj/ss_twr_resp/tasks.o
                0x00000000000048ac                xTaskRemoveFromEventList
 .text.vTaskSetTimeOutState
                0x0000000000004954       0x24 Output/nrf52832_xxaa/Obj/ss_twr_resp/tasks.o
                0x0000000000004954                vTaskSetTimeOutState
 .text.xTaskCheckForTimeOut
                0x0000000000004978       0x88 Output/nrf52832_xxaa/Obj/ss_twr_resp/tasks.o
                0x0000000000004978                xTaskCheckForTimeOut
 .text.vTaskMissedYield
                0x0000000000004a00       0x10 Output/nrf52832_xxaa/Obj/ss_twr_resp/tasks.o
                0x0000000000004a00                vTaskMissedYield
 .text.prvIdleTask
                0x0000000000004a10       0x34 Output/nrf52832_xxaa/Obj/ss_twr_resp/tasks.o
 .text.prvInitialiseTCBVariables
                0x0000000000004a44       0xa6 Output/nrf52832_xxaa/Obj/ss_twr_resp/tasks.o
 *fill*         0x0000000000004aea        0x2 
 .text.prvInitialiseTaskLists
                0x0000000000004aec       0x7c Output/nrf52832_xxaa/Obj/ss_twr_resp/tasks.o
 .text.prvCheckTasksWaitingTermination
                0x0000000000004b68       0x78 Output/nrf52832_xxaa/Obj/ss_twr_resp/tasks.o
 .text.prvAddCurrentTaskToDelayedList
                0x0000000000004be0       0x6c Output/nrf52832_xxaa/Obj/ss_twr_resp/tasks.o
 .text.prvAllocateTCBAndStack
                0x0000000000004c4c       0x70 Output/nrf52832_xxaa/Obj/ss_twr_resp/tasks.o
 .text.prvDeleteTCB
                0x0000000000004cbc       0x1e Output/nrf52832_xxaa/Obj/ss_twr_resp/tasks.o
 *fill*         0x0000000000004cda        0x2 
 .text.prvResetNextTaskUnblockTime
                0x0000000000004cdc       0x40 Output/nrf52832_xxaa/Obj/ss_twr_resp/tasks.o
 .text.xTaskGetSchedulerState
                0x0000000000004d1c       0x34 Output/nrf52832_xxaa/Obj/ss_twr_resp/tasks.o
                0x0000000000004d1c                xTaskGetSchedulerState
 .text.vTaskPriorityInherit
                0x0000000000004d50       0xbc Output/nrf52832_xxaa/Obj/ss_twr_resp/tasks.o
                0x0000000000004d50                vTaskPriorityInherit
 .text.xTaskPriorityDisinherit
                0x0000000000004e0c       0x98 Output/nrf52832_xxaa/Obj/ss_twr_resp/tasks.o
                0x0000000000004e0c                xTaskPriorityDisinherit
 .text.pvTaskIncrementMutexHeldCount
                0x0000000000004ea4       0x20 Output/nrf52832_xxaa/Obj/ss_twr_resp/tasks.o
                0x0000000000004ea4                pvTaskIncrementMutexHeldCount
 .text.xTimerCreateTimerTask
                0x0000000000004ec4       0x4c Output/nrf52832_xxaa/Obj/ss_twr_resp/timers.o
                0x0000000000004ec4                xTimerCreateTimerTask
 .text.xTimerCreate
                0x0000000000004f10       0x5c Output/nrf52832_xxaa/Obj/ss_twr_resp/timers.o
                0x0000000000004f10                xTimerCreate
 .text.xTimerGenericCommand
                0x0000000000004f6c       0x78 Output/nrf52832_xxaa/Obj/ss_twr_resp/timers.o
                0x0000000000004f6c                xTimerGenericCommand
 .text.prvProcessExpiredTimer
                0x0000000000004fe4       0x64 Output/nrf52832_xxaa/Obj/ss_twr_resp/timers.o
 .text.prvTimerTask
                0x0000000000005048       0x20 Output/nrf52832_xxaa/Obj/ss_twr_resp/timers.o
 .text.prvProcessTimerOrBlockTask
                0x0000000000005068       0x80 Output/nrf52832_xxaa/Obj/ss_twr_resp/timers.o
 .text.prvGetNextExpireTime
                0x00000000000050e8       0x40 Output/nrf52832_xxaa/Obj/ss_twr_resp/timers.o
 .text.prvSampleTimeNow
                0x0000000000005128       0x3c Output/nrf52832_xxaa/Obj/ss_twr_resp/timers.o
 .text.prvInsertTimerInActiveList
                0x0000000000005164       0x84 Output/nrf52832_xxaa/Obj/ss_twr_resp/timers.o
 .text.prvProcessReceivedCommands
                0x00000000000051e8      0x104 Output/nrf52832_xxaa/Obj/ss_twr_resp/timers.o
 .text.prvSwitchTimerLists
                0x00000000000052ec       0xa4 Output/nrf52832_xxaa/Obj/ss_twr_resp/timers.o
 .text.prvCheckForValidListAndQueue
                0x0000000000005390       0x6c Output/nrf52832_xxaa/Obj/ss_twr_resp/timers.o
 .text.pvPortMalloc
                0x00000000000053fc       0x88 Output/nrf52832_xxaa/Obj/ss_twr_resp/heap_1.o
                0x00000000000053fc                pvPortMalloc
 .text.vPortFree
                0x0000000000005484        0xa Output/nrf52832_xxaa/Obj/ss_twr_resp/heap_1.o
                0x0000000000005484                vPortFree
 *fill*         0x000000000000548e        0x2 
 .text.NVIC_SetPriority
                0x0000000000005490       0x50 Output/nrf52832_xxaa/Obj/ss_twr_resp/port_cmsis.o
 .text.pxPortInitialiseStack
                0x00000000000054e0       0x60 Output/nrf52832_xxaa/Obj/ss_twr_resp/port_cmsis.o
                0x00000000000054e0                pxPortInitialiseStack
 .text.prvTaskExitError
                0x0000000000005540       0x10 Output/nrf52832_xxaa/Obj/ss_twr_resp/port_cmsis.o
 .text.xPortStartScheduler
                0x0000000000005550       0x4c Output/nrf52832_xxaa/Obj/ss_twr_resp/port_cmsis.o
                0x0000000000005550                xPortStartScheduler
 .text.vPortEnterCritical
                0x000000000000559c       0x24 Output/nrf52832_xxaa/Obj/ss_twr_resp/port_cmsis.o
                0x000000000000559c                vPortEnterCritical
 .text.vPortExitCritical
                0x00000000000055c0       0x2c Output/nrf52832_xxaa/Obj/ss_twr_resp/port_cmsis.o
                0x00000000000055c0                vPortExitCritical
 .text.vPortEnableVFP
                0x00000000000055ec       0x18 Output/nrf52832_xxaa/Obj/ss_twr_resp/port_cmsis.o
 .text.NVIC_EnableIRQ
                0x0000000000005604       0x2c Output/nrf52832_xxaa/Obj/ss_twr_resp/port_cmsis_systick.o
 .text.NVIC_SetPriority
                0x0000000000005630       0x50 Output/nrf52832_xxaa/Obj/ss_twr_resp/port_cmsis_systick.o
 .text.ulPortRaiseBASEPRI
                0x0000000000005680       0x20 Output/nrf52832_xxaa/Obj/ss_twr_resp/port_cmsis_systick.o
 .text.nrf_rtc_int_enable
                0x00000000000056a0       0x14 Output/nrf52832_xxaa/Obj/ss_twr_resp/port_cmsis_systick.o
 .text.nrf_rtc_event_clear
                0x00000000000056b4       0x2a Output/nrf52832_xxaa/Obj/ss_twr_resp/port_cmsis_systick.o
 .text.nrf_rtc_counter_get
                0x00000000000056de       0x10 Output/nrf52832_xxaa/Obj/ss_twr_resp/port_cmsis_systick.o
 .text.nrf_rtc_prescaler_set
                0x00000000000056ee       0x14 Output/nrf52832_xxaa/Obj/ss_twr_resp/port_cmsis_systick.o
 .text.nrf_rtc_task_trigger
                0x0000000000005702       0x1e Output/nrf52832_xxaa/Obj/ss_twr_resp/port_cmsis_systick.o
 .text.nrf_rtc_event_enable
                0x0000000000005720       0x14 Output/nrf52832_xxaa/Obj/ss_twr_resp/port_cmsis_systick.o
 .text.RTC1_IRQHandler
                0x0000000000005734       0x8c Output/nrf52832_xxaa/Obj/ss_twr_resp/port_cmsis_systick.o
                0x0000000000005734                RTC1_IRQHandler
 .text.vPortSetupTimerInterrupt
                0x00000000000057c0       0x48 Output/nrf52832_xxaa/Obj/ss_twr_resp/port_cmsis_systick.o
                0x00000000000057c0                vPortSetupTimerInterrupt
 .text.vPortStartFirstTask
                0x0000000000005808       0x20 Output/nrf52832_xxaa/Obj/ss_twr_resp/port.o
                0x0000000000005808                vPortStartFirstTask
 .text.SVC_Handler
                0x0000000000005828       0x24 Output/nrf52832_xxaa/Obj/ss_twr_resp/port.o
                0x0000000000005828                SVC_Handler
 .text.PendSV_Handler
                0x000000000000584c       0x64 Output/nrf52832_xxaa/Obj/ss_twr_resp/port.o
                0x000000000000584c                PendSV_Handler
 .text.libc.memcmp
                0x00000000000058b0       0x74 C:/Program Files/SEGGER/SEGGER Embedded Studio for ARM 5.70a/lib/libc_v7em_fpv4_sp_d16_hard_t_le_eabi.a(libc2.o)
                0x00000000000058b0                memcmp
 .text.libc.rand
                0x0000000000005924       0x20 C:/Program Files/SEGGER/SEGGER Embedded Studio for ARM 5.70a/lib/libc_v7em_fpv4_sp_d16_hard_t_le_eabi.a(libc2.o)
                0x0000000000005924                rand
 .text.libc.memcpy
                0x0000000000005944       0x52 C:/Program Files/SEGGER/SEGGER Embedded Studio for ARM 5.70a/lib/libc_v7em_fpv4_sp_d16_hard_t_le_eabi.a(libc2_asm.o)
                0x0000000000005944                __aeabi_memcpy
                0x0000000000005944                memcpy
                0x0000000000005950                __aeabi_memcpy8
                0x0000000000005950                __aeabi_memcpy4
 .text.libc.memset
                0x0000000000005996       0x66 C:/Program Files/SEGGER/SEGGER Embedded Studio for ARM 5.70a/lib/libc_v7em_fpv4_sp_d16_hard_t_le_eabi.a(libc2_asm.o)
                0x0000000000005996                memset
                0x00000000000059fc                __text_end__ = (__text_start__ + SIZEOF (.text))
                0x000000000000574c                __text_size__ = SIZEOF (.text)
                0x00000000000059fc                __text_load_end__ = __text_end__

.vfp11_veneer   0x0000000100000000        0x0
 .vfp11_veneer  0x0000000100000000        0x0 linker stubs

.v4_bx          0x0000000100000000        0x0
 .v4_bx         0x0000000100000000        0x0 linker stubs

.iplt           0x0000000100000000        0x0
 .iplt          0x0000000100000000        0x0 Output/nrf52832_xxaa/Obj/ss_twr_resp/thumb_crt0.o
                0x0000000000000001                . = ASSERT (((__text_start__ == __text_end__) || ((__text_end__ - __FLASH_segment_start__) <= __FLASH_segment_size__)), error: .text is too large to fit in FLASH memory segment)
                0x00000000000059fc                __dtors_load_start__ = ALIGN (__text_end__, 0x4)

.dtors          0x00000000000059fc        0x0
                0x00000000000059fc                __dtors_start__ = .
 *(SORT_BY_NAME(.dtors.*))
 *(.dtors)
 *(.fini_array)
 *(SORT_BY_NAME(.fini_array.*))
                0x00000000000059fc                __dtors_end__ = (__dtors_start__ + SIZEOF (.dtors))
                0x0000000000000000                __dtors_size__ = SIZEOF (.dtors)
                0x00000000000059fc                __dtors_load_end__ = __dtors_end__
                0x0000000000000001                . = ASSERT (((__dtors_start__ == __dtors_end__) || ((__dtors_end__ - __FLASH_segment_start__) <= __FLASH_segment_size__)), error: .dtors is too large to fit in FLASH memory segment)
                0x00000000000059fc                __ctors_load_start__ = ALIGN (__dtors_end__, 0x4)

.ctors          0x00000000000059fc        0x0
                0x00000000000059fc                __ctors_start__ = .
 *(SORT_BY_NAME(.ctors.*))
 *(.ctors)
 *(.init_array)
 *(SORT_BY_NAME(.init_array.*))
                0x00000000000059fc                __ctors_end__ = (__ctors_start__ + SIZEOF (.ctors))
                0x0000000000000000                __ctors_size__ = SIZEOF (.ctors)
                0x00000000000059fc                __ctors_load_end__ = __ctors_end__
                0x0000000000000001                . = ASSERT (((__ctors_start__ == __ctors_end__) || ((__ctors_end__ - __FLASH_segment_start__) <= __FLASH_segment_size__)), error: .ctors is too large to fit in FLASH memory segment)
                0x00000000000059fc                __rodata_load_start__ = ALIGN (__ctors_end__, 0x4)

.rodata         0x00000000000059fc      0x10d
                0x00000000000059fc                __rodata_start__ = .
 *(.rodata .rodata.* .gnu.linkonce.r.*)
 .rodata        0x00000000000059fc       0x1b Output/nrf52832_xxaa/Obj/ss_twr_resp/main.o
 *fill*         0x0000000000005a17        0x1 
 .rodata.chan_idx
                0x0000000000005a18        0x8 Output/nrf52832_xxaa/Obj/ss_twr_resp/deca_params_init.o
                0x0000000000005a18                chan_idx
 .rodata.tx_config
                0x0000000000005a20       0x18 Output/nrf52832_xxaa/Obj/ss_twr_resp/deca_params_init.o
                0x0000000000005a20                tx_config
 .rodata.fs_pll_cfg
                0x0000000000005a38       0x18 Output/nrf52832_xxaa/Obj/ss_twr_resp/deca_params_init.o
                0x0000000000005a38                fs_pll_cfg
 .rodata.fs_pll_tune
                0x0000000000005a50        0x6 Output/nrf52832_xxaa/Obj/ss_twr_resp/deca_params_init.o
                0x0000000000005a50                fs_pll_tune
 *fill*         0x0000000000005a56        0x2 
 .rodata.rx_config
                0x0000000000005a58        0x2 Output/nrf52832_xxaa/Obj/ss_twr_resp/deca_params_init.o
                0x0000000000005a58                rx_config
 *fill*         0x0000000000005a5a        0x2 
 .rodata.agc_config
                0x0000000000005a5c        0x8 Output/nrf52832_xxaa/Obj/ss_twr_resp/deca_params_init.o
                0x0000000000005a5c                agc_config
 .rodata.dwnsSFDlen
                0x0000000000005a64        0x3 Output/nrf52832_xxaa/Obj/ss_twr_resp/deca_params_init.o
                0x0000000000005a64                dwnsSFDlen
 *fill*         0x0000000000005a67        0x1 
 .rodata.sftsh  0x0000000000005a68        0xc Output/nrf52832_xxaa/Obj/ss_twr_resp/deca_params_init.o
                0x0000000000005a68                sftsh
 .rodata.dtune1
                0x0000000000005a74        0x4 Output/nrf52832_xxaa/Obj/ss_twr_resp/deca_params_init.o
                0x0000000000005a74                dtune1
 .rodata.digital_bb_config
                0x0000000000005a78       0x20 Output/nrf52832_xxaa/Obj/ss_twr_resp/deca_params_init.o
                0x0000000000005a78                digital_bb_config
 .rodata.lde_replicaCoeff
                0x0000000000005a98       0x32 Output/nrf52832_xxaa/Obj/ss_twr_resp/deca_params_init.o
                0x0000000000005a98                lde_replicaCoeff
 *fill*         0x0000000000005aca        0x2 
 .rodata.spi    0x0000000000005acc        0x8 Output/nrf52832_xxaa/Obj/ss_twr_resp/port_platform.o
 .rodata        0x0000000000005ad4       0x20 Output/nrf52832_xxaa/Obj/ss_twr_resp/port_platform.o
 .rodata        0x0000000000005af4        0x5 Output/nrf52832_xxaa/Obj/ss_twr_resp/tasks.o
 *fill*         0x0000000000005af9        0x3 
 .rodata        0x0000000000005afc        0xd Output/nrf52832_xxaa/Obj/ss_twr_resp/timers.o
                0x0000000000005b09                __rodata_end__ = (__rodata_start__ + SIZEOF (.rodata))
                0x000000000000010d                __rodata_size__ = SIZEOF (.rodata)
                0x0000000000005b09                __rodata_load_end__ = __rodata_end__

.rel.dyn        0x0000000000000000        0x0
 .rel.iplt      0x0000000000000000        0x0 Output/nrf52832_xxaa/Obj/ss_twr_resp/thumb_crt0.o
                0x0000000000000001                . = ASSERT (((__rodata_start__ == __rodata_end__) || ((__rodata_end__ - __FLASH_segment_start__) <= __FLASH_segment_size__)), error: .rodata is too large to fit in FLASH memory segment)
                0x0000000000005b0c                __ARM.exidx_load_start__ = ALIGN (__rodata_end__, 0x4)

.ARM.exidx      0x0000000000005b0c        0x0
                0x0000000000005b0c                __ARM.exidx_start__ = .
                0x0000000000005b0c                __exidx_start = __ARM.exidx_start__
 *(.ARM.exidx .ARM.exidx.*)
                0x0000000000005b0c                __ARM.exidx_end__ = (__ARM.exidx_start__ + SIZEOF (.ARM.exidx))
                0x0000000000000000                __ARM.exidx_size__ = SIZEOF (.ARM.exidx)
                0x0000000000005b0c                __exidx_end = __ARM.exidx_end__
                0x0000000000005b0c                __ARM.exidx_load_end__ = __ARM.exidx_end__
                0x0000000000000001                . = ASSERT (((__ARM.exidx_start__ == __ARM.exidx_end__) || ((__ARM.exidx_end__ - __FLASH_segment_start__) <= __FLASH_segment_size__)), error: .ARM.exidx is too large to fit in FLASH memory segment)
                0x0000000000005b0c                __fast_load_start__ = ALIGN (__ARM.exidx_end__, 0x4)

.fast           0x0000000020000000        0x0 load address 0x0000000000005b0c
                0x0000000020000000                __fast_start__ = .
 *(.fast .fast.*)
                0x0000000020000000                __fast_end__ = (__fast_start__ + SIZEOF (.fast))
                0x0000000000000000                __fast_size__ = SIZEOF (.fast)
                0x0000000000005b0c                __fast_load_end__ = (__fast_load_start__ + SIZEOF (.fast))
                0x0000000000000001                . = ASSERT (((__fast_load_start__ == __fast_load_end__) || ((__fast_load_end__ - __FLASH_segment_start__) <= __FLASH_segment_size__)), error: .fast is too large to fit in FLASH memory segment)

.fast_run       0x0000000020000000        0x0
                0x0000000020000000                __fast_run_start__ = .
                0x0000000020000000                __fast_run_end__ = (__fast_run_start__ + SIZEOF (.fast))
                0x0000000000000000                __fast_run_size__ = (__fast_run_end__ - __fast_run_start__)
                0x0000000020000000                __fast_run_load_end__ = __fast_run_end__
                0x0000000000000001                . = ASSERT (((__fast_run_start__ == __fast_run_end__) || ((__fast_run_end__ - __SRAM_segment_start__) <= __SRAM_segment_size__)), error: .fast_run is too large to fit in SRAM memory segment)
                0x0000000000005b0c                __data_load_start__ = ALIGN ((__fast_load_start__ + SIZEOF (.fast)), 0x4)

.data           0x0000000020000000       0x70 load address 0x0000000000005b0c
                0x0000000020000000                __data_start__ = .
 *(.data .data.* .gnu.linkonce.d.*)
 .data.SystemCoreClock
                0x0000000020000000        0x4 Output/nrf52832_xxaa/Obj/ss_twr_resp/system_nrf52.o
                0x0000000020000000                SystemCoreClock
 .data.config   0x0000000020000004        0xc Output/nrf52832_xxaa/Obj/ss_twr_resp/main.o
 .data.tx_poll_msg
                0x0000000020000010       0x1a Output/nrf52832_xxaa/Obj/ss_twr_resp/ss_resp_main.o
 *fill*         0x000000002000002a        0x2 
 .data.rx_resp_msg
                0x000000002000002c       0x1b Output/nrf52832_xxaa/Obj/ss_twr_resp/ss_resp_main.o
 *fill*         0x0000000020000047        0x1 
 .data.tx_final_msg
                0x0000000020000048       0x1a Output/nrf52832_xxaa/Obj/ss_twr_resp/ss_resp_main.o
 *fill*         0x0000000020000062        0x2 
 .data.pdw1000local
                0x0000000020000064        0x4 Output/nrf52832_xxaa/Obj/ss_twr_resp/deca_device.o
 .data.xNextTaskUnblockTime
                0x0000000020000068        0x4 Output/nrf52832_xxaa/Obj/ss_twr_resp/tasks.o
 .data.libc.__RAL_rand_next
                0x000000002000006c        0x4 C:/Program Files/SEGGER/SEGGER Embedded Studio for ARM 5.70a/lib/libc_v7em_fpv4_sp_d16_hard_t_le_eabi.a(libc2.o)
                0x000000002000006c                __RAL_rand_next
                0x0000000020000070                __data_end__ = (__data_start__ + SIZEOF (.data))
                0x0000000000000070                __data_size__ = SIZEOF (.data)
                0x0000000000005b7c                __data_load_end__ = (__data_load_start__ + SIZEOF (.data))

.igot.plt       0x0000000100000000        0x0
 .igot.plt      0x0000000100000000        0x0 Output/nrf52832_xxaa/Obj/ss_twr_resp/thumb_crt0.o
                0x0000000000000001                . = ASSERT (((__data_load_start__ == __data_load_end__) || ((__data_load_end__ - __FLASH_segment_start__) <= __FLASH_segment_size__)), error: .data is too large to fit in FLASH memory segment)

.data_run       0x0000000020000000        0x0
                0x0000000020000000                __data_run_start__ = .
                0x0000000020000070                __data_run_end__ = (__data_run_start__ + SIZEOF (.data))
                0x0000000000000070                __data_run_size__ = (__data_run_end__ - __data_run_start__)
                0x0000000020000070                __data_run_load_end__ = __data_run_end__
                0x0000000000000001                . = ASSERT (((__data_run_start__ == __data_run_end__) || ((__data_run_end__ - __SRAM_segment_start__) <= __SRAM_segment_size__)), error: .data_run is too large to fit in SRAM memory segment)
                0x0000000000005b7c                __tdata_load_start__ = ALIGN ((__data_load_start__ + SIZEOF (.data)), 0x4)

.tdata          0x0000000020000070        0x0 load address 0x0000000000005b7c
                0x0000000020000070                __tdata_start__ = .
 *(.tdata .tdata.*)
                0x0000000020000070                __tdata_end__ = (__tdata_start__ + SIZEOF (.tdata))
                0x0000000000000000                __tdata_size__ = SIZEOF (.tdata)
                0x0000000000005b7c                __tdata_load_end__ = (__tdata_load_start__ + SIZEOF (.tdata))
                0x0000000000000001                . = ASSERT (((__tdata_load_start__ == __tdata_load_end__) || ((__tdata_load_end__ - __FLASH_segment_start__) <= __FLASH_segment_size__)), error: .tdata is too large to fit in FLASH memory segment)

.tdata_run      0x0000000020000070        0x0
                0x0000000020000070                __tdata_run_start__ = .
                0x0000000020000070                __tdata_run_end__ = (__tdata_run_start__ + SIZEOF (.tdata))
                0x0000000000000000                __tdata_run_size__ = (__tdata_run_end__ - __tdata_run_start__)
                0x0000000020000070                __tdata_run_load_end__ = __tdata_run_end__
                0x0000000000000001                . = ASSERT (((__tdata_run_start__ == __tdata_run_end__) || ((__tdata_run_end__ - __SRAM_segment_start__) <= __SRAM_segment_size__)), error: .tdata_run is too large to fit in SRAM memory segment)
                0x0000000020000070                __nrf_sections_run_load_start__ = ALIGN (__tdata_run_end__, 0x4)

.nrf_sections_run
                0x0000000020000070        0x0
                0x0000000020000070                __nrf_sections_run_start__ = .
                0x0000000020000070                __start_nrf_sections_run = __nrf_sections_run_start__
 *(.nrf_sections_run .nrf_sections_run.*)
                0x0000000020000070                __nrf_sections_run_end__ = (__nrf_sections_run_start__ + SIZEOF (.nrf_sections_run))
                0x0000000000000000                __nrf_sections_run_size__ = SIZEOF (.nrf_sections_run)
                0x0000000020000070                __nrf_sections_run_load_end__ = __nrf_sections_run_end__
                0x0000000000000001                . = ASSERT (((__nrf_sections_run_start__ == __nrf_sections_run_end__) || ((__nrf_sections_run_end__ - __SRAM_segment_start__) <= __SRAM_segment_size__)), error: .nrf_sections_run is too large to fit in SRAM memory segment)
                0x0000000000005b7c                __dfu_trans_load_start__ = ALIGN ((__tdata_load_start__ + SIZEOF (.tdata)), 0x4)

.dfu_trans      0x0000000000005b7c        0x0
                0x0000000000005b7c                __dfu_trans_start__ = .
                0x0000000000005b7c                __start_dfu_trans = __dfu_trans_start__
 *(SORT_BY_NAME(.dfu_trans*))
                0x0000000000005b7c                __dfu_trans_end__ = (__dfu_trans_start__ + SIZEOF (.dfu_trans))
                0x0000000000000000                __dfu_trans_size__ = SIZEOF (.dfu_trans)
                0x0000000000005b7c                __stop_dfu_trans = __dfu_trans_end__
                0x0000000000005b7c                __dfu_trans_load_end__ = __dfu_trans_end__
                0x0000000000000001                . = ASSERT (((__dfu_trans_start__ == __dfu_trans_end__) || ((__dfu_trans_end__ - __FLASH_segment_start__) <= __FLASH_segment_size__)), error: .dfu_trans is too large to fit in FLASH memory segment)
                0x0000000000005b7c                __log_const_data_load_start__ = ALIGN (__dfu_trans_end__, 0x4)

.log_const_data
                0x0000000000005b7c        0x0
                0x0000000000005b7c                __log_const_data_start__ = .
                0x0000000000005b7c                __start_log_const_data = __log_const_data_start__
 *(.log_const_data*)
                0x0000000000005b7c                __log_const_data_end__ = (__log_const_data_start__ + SIZEOF (.log_const_data))
                0x0000000000000000                __log_const_data_size__ = SIZEOF (.log_const_data)
                0x0000000000005b7c                __stop_log_const_data = __log_const_data_end__
                0x0000000000005b7c                __log_const_data_load_end__ = __log_const_data_end__
                0x0000000000000001                . = ASSERT (((__log_const_data_start__ == __log_const_data_end__) || ((__log_const_data_end__ - __FLASH_segment_start__) <= __FLASH_segment_size__)), error: .log_const_data is too large to fit in FLASH memory segment)
                0x0000000000005b7c                __svc_data_load_start__ = ALIGN (__log_const_data_end__, 0x4)

.svc_data       0x0000000000005b7c        0x0
                0x0000000000005b7c                __svc_data_start__ = .
                0x0000000000005b7c                __start_svc_data = __svc_data_start__
 *(.svc_data*)
                0x0000000000005b7c                __svc_data_end__ = (__svc_data_start__ + SIZEOF (.svc_data))
                0x0000000000000000                __svc_data_size__ = SIZEOF (.svc_data)
                0x0000000000005b7c                __stop_svc_data = __svc_data_end__
                0x0000000000005b7c                __svc_data_load_end__ = __svc_data_end__
                0x0000000000000001                . = ASSERT (((__svc_data_start__ == __svc_data_end__) || ((__svc_data_end__ - __FLASH_segment_start__) <= __FLASH_segment_size__)), error: .svc_data is too large to fit in FLASH memory segment)
                0x0000000000005b7c                __sdh_ble_observers_load_start__ = ALIGN (__svc_data_end__, 0x4)

.sdh_ble_observers
                0x0000000000005b7c        0x0
                0x0000000000005b7c                __sdh_ble_observers_start__ = .
                0x0000000000005b7c                __start_sdh_ble_observers = __sdh_ble_observers_start__
 *(SORT_BY_NAME(.sdh_ble_observers*))
                0x0000000000005b7c                __sdh_ble_observers_end__ = (__sdh_ble_observers_start__ + SIZEOF (.sdh_ble_observers))
                0x0000000000000000                __sdh_ble_observers_size__ = SIZEOF (.sdh_ble_observers)
                0x0000000000005b7c                __stop_sdh_ble_observers = __sdh_ble_observers_end__
                0x0000000000005b7c                __sdh_ble_observers_load_end__ = __sdh_ble_observers_end__
                0x0000000000000001                . = ASSERT (((__sdh_ble_observers_start__ == __sdh_ble_observers_end__) || ((__sdh_ble_observers_end__ - __FLASH_segment_start__) <= __FLASH_segment_size__)), error: .sdh_ble_observers is too large to fit in FLASH memory segment)
                0x0000000000005b7c                __sdh_req_observers_load_start__ = ALIGN (__sdh_ble_observers_end__, 0x4)

.sdh_req_observers
                0x0000000000005b7c        0x0
                0x0000000000005b7c                __sdh_req_observers_start__ = .
                0x0000000000005b7c                __start_sdh_req_observers = __sdh_req_observers_start__
 *(SORT_BY_NAME(.sdh_req_observers*))
                0x0000000000005b7c                __sdh_req_observers_end__ = (__sdh_req_observers_start__ + SIZEOF (.sdh_req_observers))
                0x0000000000000000                __sdh_req_observers_size__ = SIZEOF (.sdh_req_observers)
                0x0000000000005b7c                __stop_sdh_req_observers = __sdh_req_observers_end__
                0x0000000000005b7c                __sdh_req_observers_load_end__ = __sdh_req_observers_end__
                0x0000000000000001                . = ASSERT (((__sdh_req_observers_start__ == __sdh_req_observers_end__) || ((__sdh_req_observers_end__ - __FLASH_segment_start__) <= __FLASH_segment_size__)), error: .sdh_req_observers is too large to fit in FLASH memory segment)
                0x0000000000005b7c                __sdh_state_observers_load_start__ = ALIGN (__sdh_req_observers_end__, 0x4)

.sdh_state_observers
                0x0000000000005b7c        0x0
                0x0000000000005b7c                __sdh_state_observers_start__ = .
                0x0000000000005b7c                __start_sdh_state_observers = __sdh_state_observers_start__
 *(SORT_BY_NAME(.sdh_state_observers*))
                0x0000000000005b7c                __sdh_state_observers_end__ = (__sdh_state_observers_start__ + SIZEOF (.sdh_state_observers))
                0x0000000000000000                __sdh_state_observers_size__ = SIZEOF (.sdh_state_observers)
                0x0000000000005b7c                __stop_sdh_state_observers = __sdh_state_observers_end__
                0x0000000000005b7c                __sdh_state_observers_load_end__ = __sdh_state_observers_end__
                0x0000000000000001                . = ASSERT (((__sdh_state_observers_start__ == __sdh_state_observers_end__) || ((__sdh_state_observers_end__ - __FLASH_segment_start__) <= __FLASH_segment_size__)), error: .sdh_state_observers is too large to fit in FLASH memory segment)
                0x0000000000005b7c                __sdh_stack_observers_load_start__ = ALIGN (__sdh_state_observers_end__, 0x4)

.sdh_stack_observers
                0x0000000000005b7c        0x0
                0x0000000000005b7c                __sdh_stack_observers_start__ = .
                0x0000000000005b7c                __start_sdh_stack_observers = __sdh_stack_observers_start__
 *(SORT_BY_NAME(.sdh_stack_observers*))
                0x0000000000005b7c                __sdh_stack_observers_end__ = (__sdh_stack_observers_start__ + SIZEOF (.sdh_stack_observers))
                0x0000000000000000                __sdh_stack_observers_size__ = SIZEOF (.sdh_stack_observers)
                0x0000000000005b7c                __stop_sdh_stack_observers = __sdh_stack_observers_end__
                0x0000000000005b7c                __sdh_stack_observers_load_end__ = __sdh_stack_observers_end__
                0x0000000000000001                . = ASSERT (((__sdh_stack_observers_start__ == __sdh_stack_observers_end__) || ((__sdh_stack_observers_end__ - __FLASH_segment_start__) <= __FLASH_segment_size__)), error: .sdh_stack_observers is too large to fit in FLASH memory segment)
                0x0000000000005b7c                __sdh_soc_observers_load_start__ = ALIGN (__sdh_stack_observers_end__, 0x4)

.sdh_soc_observers
                0x0000000000005b7c        0x0
                0x0000000000005b7c                __sdh_soc_observers_start__ = .
                0x0000000000005b7c                __start_sdh_soc_observers = __sdh_soc_observers_start__
 *(SORT_BY_NAME(.sdh_soc_observers*))
                0x0000000000005b7c                __sdh_soc_observers_end__ = (__sdh_soc_observers_start__ + SIZEOF (.sdh_soc_observers))
                0x0000000000000000                __sdh_soc_observers_size__ = SIZEOF (.sdh_soc_observers)
                0x0000000000005b7c                __stop_sdh_soc_observers = __sdh_soc_observers_end__
                0x0000000000005b7c                __sdh_soc_observers_load_end__ = __sdh_soc_observers_end__
                0x0000000000000001                . = ASSERT (((__sdh_soc_observers_start__ == __sdh_soc_observers_end__) || ((__sdh_soc_observers_end__ - __FLASH_segment_start__) <= __FLASH_segment_size__)), error: .sdh_soc_observers is too large to fit in FLASH memory segment)
                0x0000000000005b7c                __nrf_sections_load_start__ = ALIGN (__sdh_soc_observers_end__, 0x4)

.nrf_sections   0x0000000000005b7c        0x0
                0x0000000000005b7c                __nrf_sections_start__ = .
                0x0000000000005b7c                __start_nrf_sections = __nrf_sections_start__
 *(.nrf_sections .nrf_sections.*)
                0x0000000000005b7c                __nrf_sections_end__ = (__nrf_sections_start__ + SIZEOF (.nrf_sections))
                0x0000000000000000                __nrf_sections_size__ = SIZEOF (.nrf_sections)
                0x0000000000005b7c                __nrf_sections_load_end__ = __nrf_sections_end__
                0x0000000000000001                . = ASSERT (((__nrf_sections_start__ == __nrf_sections_end__) || ((__nrf_sections_end__ - __FLASH_segment_start__) <= __FLASH_segment_size__)), error: .nrf_sections is too large to fit in FLASH memory segment)
                0x0000000000005b7c                __log_dynamic_data_load_start__ = ALIGN (__nrf_sections_end__, 0x4)

.log_dynamic_data
                0x0000000020000070        0x0 load address 0x0000000000005b7c
                0x0000000020000070                __log_dynamic_data_start__ = .
 *(.log_dynamic_data*)
                0x0000000020000070                __log_dynamic_data_end__ = (__log_dynamic_data_start__ + SIZEOF (.log_dynamic_data))
                0x0000000000000000                __log_dynamic_data_size__ = SIZEOF (.log_dynamic_data)
                0x0000000000005b7c                __log_dynamic_data_load_end__ = (__log_dynamic_data_load_start__ + SIZEOF (.log_dynamic_data))
                0x0000000000000001                . = ASSERT (((__log_dynamic_data_load_start__ == __log_dynamic_data_load_end__) || ((__log_dynamic_data_load_end__ - __FLASH_segment_start__) <= __FLASH_segment_size__)), error: .log_dynamic_data is too large to fit in FLASH memory segment)

.log_dynamic_data_run
                0x0000000020000070        0x0
                0x0000000020000070                __log_dynamic_data_run_start__ = .
                0x0000000020000070                __start_log_dynamic_data = __log_dynamic_data_run_start__
                0x0000000020000070                __log_dynamic_data_run_end__ = (__log_dynamic_data_run_start__ + SIZEOF (.log_dynamic_data))
                0x0000000000000000                __log_dynamic_data_run_size__ = (__log_dynamic_data_run_end__ - __log_dynamic_data_run_start__)
                0x0000000020000070                __stop_log_dynamic_data = __log_dynamic_data_run_end__
                0x0000000020000070                __log_dynamic_data_run_load_end__ = __log_dynamic_data_run_end__
                0x0000000000000001                . = ASSERT (((__log_dynamic_data_run_start__ == __log_dynamic_data_run_end__) || ((__log_dynamic_data_run_end__ - __SRAM_segment_start__) <= __SRAM_segment_size__)), error: .log_dynamic_data_run is too large to fit in SRAM memory segment)
                0x0000000000005b7c                __fs_data_load_start__ = ALIGN ((__log_dynamic_data_load_start__ + SIZEOF (.log_dynamic_data)), 0x4)

.fs_data        0x0000000020000070        0x0 load address 0x0000000000005b7c
                0x0000000020000070                __fs_data_start__ = .
 *(.fs_data*)
                0x0000000020000070                __fs_data_end__ = (__fs_data_start__ + SIZEOF (.fs_data))
                0x0000000000000000                __fs_data_size__ = SIZEOF (.fs_data)
                0x0000000000005b7c                __fs_data_load_end__ = (__fs_data_load_start__ + SIZEOF (.fs_data))
                0x0000000000005b7c                __FLASH_segment_used_end__ = (ALIGN ((__log_dynamic_data_load_start__ + SIZEOF (.log_dynamic_data)), 0x4) + SIZEOF (.fs_data))
                0x0000000000005b7c                __FLASH_segment_used_size__ = (__FLASH_segment_used_end__ - __FLASH_segment_start__)
                0x0000000000000001                . = ASSERT (((__fs_data_load_start__ == __fs_data_load_end__) || ((__fs_data_load_end__ - __FLASH_segment_start__) <= __FLASH_segment_size__)), error: .fs_data is too large to fit in FLASH memory segment)

.fs_data_run    0x0000000020000070        0x0
                0x0000000020000070                __fs_data_run_start__ = .
                0x0000000020000070                __start_fs_data = __fs_data_run_start__
                0x0000000020000070                __fs_data_run_end__ = (__fs_data_run_start__ + SIZEOF (.fs_data))
                0x0000000000000000                __fs_data_run_size__ = (__fs_data_run_end__ - __fs_data_run_start__)
                0x0000000020000070                __stop_fs_data = __fs_data_run_end__
                0x0000000020000070                __fs_data_run_load_end__ = __fs_data_run_end__
                0x0000000000000001                . = ASSERT (((__fs_data_run_start__ == __fs_data_run_end__) || ((__fs_data_run_end__ - __SRAM_segment_start__) <= __SRAM_segment_size__)), error: .fs_data_run is too large to fit in SRAM memory segment)
                0x0000000020000070                __nrf_sections_run_end_load_start__ = ALIGN (__fs_data_run_end__, 0x4)

.nrf_sections_run_end
                0x0000000020000070        0x0
                0x0000000020000070                __nrf_sections_run_end_start__ = .
                0x0000000020000070                __end_nrf_sections_run = __nrf_sections_run_end_start__
 *(.nrf_sections_run_end .nrf_sections_run_end.*)
                0x0000000020000070                __nrf_sections_run_end_end__ = (__nrf_sections_run_end_start__ + SIZEOF (.nrf_sections_run_end))
                0x0000000000000000                __nrf_sections_run_end_size__ = SIZEOF (.nrf_sections_run_end)
                0x0000000020000070                __nrf_sections_run_end_load_end__ = __nrf_sections_run_end_end__
                0x0000000000000001                . = ASSERT (((__nrf_sections_run_end_start__ == __nrf_sections_run_end_end__) || ((__nrf_sections_run_end_end__ - __SRAM_segment_start__) <= __SRAM_segment_size__)), error: .nrf_sections_run_end is too large to fit in SRAM memory segment)
                0x0000000020000070                __bss_load_start__ = ALIGN (__nrf_sections_run_end_end__, 0x4)

.bss            0x0000000020000070     0x126c
                0x0000000020000070                __bss_start__ = .
 *(.bss .bss.* .gnu.linkonce.b.*)
 .bss.ss_responder_task_handle
                0x0000000020000070        0x4 Output/nrf52832_xxaa/Obj/ss_twr_resp/main.o
                0x0000000020000070                ss_responder_task_handle
 .bss.led_toggle_task_handle
                0x0000000020000074        0x4 Output/nrf52832_xxaa/Obj/ss_twr_resp/main.o
                0x0000000020000074                led_toggle_task_handle
 .bss.led_toggle_timer_handle
                0x0000000020000078        0x4 Output/nrf52832_xxaa/Obj/ss_twr_resp/main.o
                0x0000000020000078                led_toggle_timer_handle
 .bss.frame_seq_nb
                0x000000002000007c        0x1 Output/nrf52832_xxaa/Obj/ss_twr_resp/ss_resp_main.o
 *fill*         0x000000002000007d        0x3 
 .bss.rx_buffer
                0x0000000020000080       0x1a Output/nrf52832_xxaa/Obj/ss_twr_resp/ss_resp_main.o
 *fill*         0x000000002000009a        0x2 
 .bss.status_reg
                0x000000002000009c        0x4 Output/nrf52832_xxaa/Obj/ss_twr_resp/ss_resp_main.o
 .bss.poll_tx_ts
                0x00000000200000a0        0x8 Output/nrf52832_xxaa/Obj/ss_twr_resp/ss_resp_main.o
 .bss.resp_rx_ts
                0x00000000200000a8        0x8 Output/nrf52832_xxaa/Obj/ss_twr_resp/ss_resp_main.o
 .bss.final_tx_ts
                0x00000000200000b0        0x8 Output/nrf52832_xxaa/Obj/ss_twr_resp/ss_resp_main.o
 .bss.devID     0x00000000200000b8        0x4 Output/nrf52832_xxaa/Obj/ss_twr_resp/ss_resp_main.o
                0x00000000200000b8                devID
 .bss.m_cb      0x00000000200000bc       0x58 Output/nrf52832_xxaa/Obj/ss_twr_resp/nrf_drv_gpiote.o
 .bss.m_cb      0x0000000020000114       0x24 Output/nrf52832_xxaa/Obj/ss_twr_resp/nrf_drv_spi.o
 .bss.m_cb      0x0000000020000138       0x20 Output/nrf52832_xxaa/Obj/ss_twr_resp/nrf_drv_uart.o
 .bss.m_clock_cb
                0x0000000020000158       0x14 Output/nrf52832_xxaa/Obj/ss_twr_resp/nrf_drv_clock.o
 .bss.m_in_critical_region
                0x000000002000016c        0x4 Output/nrf52832_xxaa/Obj/ss_twr_resp/app_util_platform.o
 .bss.dw1000local
                0x0000000020000170       0x38 Output/nrf52832_xxaa/Obj/ss_twr_resp/deca_device.o
 .bss.spi_xfer_done
                0x00000000200001a8        0x1 Output/nrf52832_xxaa/Obj/ss_twr_resp/port_platform.o
 *fill*         0x00000000200001a9        0x3 
 .bss.xQueueRegistry
                0x00000000200001ac       0x10 Output/nrf52832_xxaa/Obj/ss_twr_resp/queue.o
                0x00000000200001ac                xQueueRegistry
 .bss.pxCurrentTCB
                0x00000000200001bc        0x4 Output/nrf52832_xxaa/Obj/ss_twr_resp/tasks.o
                0x00000000200001bc                pxCurrentTCB
 .bss.pxReadyTasksLists
                0x00000000200001c0       0x3c Output/nrf52832_xxaa/Obj/ss_twr_resp/tasks.o
 .bss.xDelayedTaskList1
                0x00000000200001fc       0x14 Output/nrf52832_xxaa/Obj/ss_twr_resp/tasks.o
 .bss.xDelayedTaskList2
                0x0000000020000210       0x14 Output/nrf52832_xxaa/Obj/ss_twr_resp/tasks.o
 .bss.pxDelayedTaskList
                0x0000000020000224        0x4 Output/nrf52832_xxaa/Obj/ss_twr_resp/tasks.o
 .bss.pxOverflowDelayedTaskList
                0x0000000020000228        0x4 Output/nrf52832_xxaa/Obj/ss_twr_resp/tasks.o
 .bss.xPendingReadyList
                0x000000002000022c       0x14 Output/nrf52832_xxaa/Obj/ss_twr_resp/tasks.o
 .bss.xTasksWaitingTermination
                0x0000000020000240       0x14 Output/nrf52832_xxaa/Obj/ss_twr_resp/tasks.o
 .bss.uxTasksDeleted
                0x0000000020000254        0x4 Output/nrf52832_xxaa/Obj/ss_twr_resp/tasks.o
 .bss.xSuspendedTaskList
                0x0000000020000258       0x14 Output/nrf52832_xxaa/Obj/ss_twr_resp/tasks.o
 .bss.xIdleTaskHandle
                0x000000002000026c        0x4 Output/nrf52832_xxaa/Obj/ss_twr_resp/tasks.o
 .bss.uxCurrentNumberOfTasks
                0x0000000020000270        0x4 Output/nrf52832_xxaa/Obj/ss_twr_resp/tasks.o
 .bss.xTickCount
                0x0000000020000274        0x4 Output/nrf52832_xxaa/Obj/ss_twr_resp/tasks.o
 .bss.uxTopReadyPriority
                0x0000000020000278        0x4 Output/nrf52832_xxaa/Obj/ss_twr_resp/tasks.o
 .bss.xSchedulerRunning
                0x000000002000027c        0x4 Output/nrf52832_xxaa/Obj/ss_twr_resp/tasks.o
 .bss.uxPendedTicks
                0x0000000020000280        0x4 Output/nrf52832_xxaa/Obj/ss_twr_resp/tasks.o
 .bss.xYieldPending
                0x0000000020000284        0x4 Output/nrf52832_xxaa/Obj/ss_twr_resp/tasks.o
 .bss.xNumOfOverflows
                0x0000000020000288        0x4 Output/nrf52832_xxaa/Obj/ss_twr_resp/tasks.o
 .bss.uxTaskNumber
                0x000000002000028c        0x4 Output/nrf52832_xxaa/Obj/ss_twr_resp/tasks.o
 .bss.uxSchedulerSuspended
                0x0000000020000290        0x4 Output/nrf52832_xxaa/Obj/ss_twr_resp/tasks.o
 .bss.xActiveTimerList1
                0x0000000020000294       0x14 Output/nrf52832_xxaa/Obj/ss_twr_resp/timers.o
 .bss.xActiveTimerList2
                0x00000000200002a8       0x14 Output/nrf52832_xxaa/Obj/ss_twr_resp/timers.o
 .bss.pxCurrentTimerList
                0x00000000200002bc        0x4 Output/nrf52832_xxaa/Obj/ss_twr_resp/timers.o
 .bss.pxOverflowTimerList
                0x00000000200002c0        0x4 Output/nrf52832_xxaa/Obj/ss_twr_resp/timers.o
 .bss.xTimerQueue
                0x00000000200002c4        0x4 Output/nrf52832_xxaa/Obj/ss_twr_resp/timers.o
 .bss.xTimerTaskHandle
                0x00000000200002c8        0x4 Output/nrf52832_xxaa/Obj/ss_twr_resp/timers.o
 .bss.xLastTime.0
                0x00000000200002cc        0x4 Output/nrf52832_xxaa/Obj/ss_twr_resp/timers.o
 .bss.ucHeap    0x00000000200002d0     0x1000 Output/nrf52832_xxaa/Obj/ss_twr_resp/heap_1.o
 .bss.xNextFreeByte
                0x00000000200012d0        0x4 Output/nrf52832_xxaa/Obj/ss_twr_resp/heap_1.o
 .bss.pucAlignedHeap.0
                0x00000000200012d4        0x4 Output/nrf52832_xxaa/Obj/ss_twr_resp/heap_1.o
 .bss.uxCriticalNesting
                0x00000000200012d8        0x4 Output/nrf52832_xxaa/Obj/ss_twr_resp/port_cmsis.o
 *(COMMON)
                0x00000000200012dc                __bss_end__ = (__bss_start__ + SIZEOF (.bss))
                0x000000000000126c                __bss_size__ = SIZEOF (.bss)
                0x00000000200012dc                __bss_load_end__ = __bss_end__
                0x0000000000000001                . = ASSERT (((__bss_start__ == __bss_end__) || ((__bss_end__ - __SRAM_segment_start__) <= __SRAM_segment_size__)), error: .bss is too large to fit in SRAM memory segment)
                0x00000000200012dc                __tbss_load_start__ = ALIGN (__bss_end__, 0x4)

.tbss           0x00000000200012dc        0x0
                0x00000000200012dc                __tbss_start__ = .
 *(.tbss .tbss.*)
                0x00000000200012dc                __tbss_end__ = (__tbss_start__ + SIZEOF (.tbss))
                0x0000000000000000                __tbss_size__ = SIZEOF (.tbss)
                0x00000000200012dc                __tbss_load_end__ = __tbss_end__
                0x0000000000000001                . = ASSERT (((__tbss_start__ == __tbss_end__) || ((__tbss_end__ - __SRAM_segment_start__) <= __SRAM_segment_size__)), error: .tbss is too large to fit in SRAM memory segment)
                0x00000000200012dc                __non_init_load_start__ = ALIGN (__tbss_end__, 0x4)

.non_init       0x00000000200012dc        0x0
                0x00000000200012dc                __non_init_start__ = .
 *(.non_init .non_init.*)
                0x00000000200012dc                __non_init_end__ = (__non_init_start__ + SIZEOF (.non_init))
                0x0000000000000000                __non_init_size__ = SIZEOF (.non_init)
                0x00000000200012dc                __non_init_load_end__ = __non_init_end__
                0x0000000000000001                . = ASSERT (((__non_init_start__ == __non_init_end__) || ((__non_init_end__ - __SRAM_segment_start__) <= __SRAM_segment_size__)), error: .non_init is too large to fit in SRAM memory segment)
                0x00000000200012dc                __heap_load_start__ = ALIGN (__non_init_end__, 0x4)

.heap           0x00000000200012dc      0x400
                0x00000000200012dc                __heap_start__ = .
 *(.heap .heap.*)
                0x00000000200016dc                . = ALIGN (MAX ((__heap_start__ + __HEAPSIZE__), .), 0x4)
 *fill*         0x00000000200012dc      0x400 
                0x00000000200016dc                __heap_end__ = (__heap_start__ + SIZEOF (.heap))
                0x0000000000000400                __heap_size__ = SIZEOF (.heap)
                0x00000000200016dc                __heap_load_end__ = __heap_end__
                0x0000000000000001                . = ASSERT (((__heap_start__ == __heap_end__) || ((__heap_end__ - __SRAM_segment_start__) <= __SRAM_segment_size__)), error: .heap is too large to fit in SRAM memory segment)
                0x000000002000fc00                __stack_load_start__ = (__SRAM_segment_start__ + (__SRAM_segment_size__ - 0x400))

.stack          0x000000002000fc00      0x400
                0x000000002000fc00                __stack_start__ = .
                0x000000002000fc00                __StackLimit = __stack_start__
 *(.stack .stack.*)
                0x0000000020010000                . = ALIGN (MAX ((__stack_start__ + __STACKSIZE__), .), 0x8)
 *fill*         0x000000002000fc00      0x400 
                0x0000000020010000                __stack_end__ = (__stack_start__ + SIZEOF (.stack))
                0x0000000000000400                __stack_size__ = SIZEOF (.stack)
                0x0000000020010000                __StackTop = __stack_end__
                0x0000000020010000                __stack_load_end__ = __stack_end__
                0x0000000000000001                . = ASSERT (((__stack_start__ == __stack_end__) || ((__stack_end__ - __SRAM_segment_start__) <= __SRAM_segment_size__)), error: .stack is too large to fit in SRAM memory segment)
                0x0000000000000001                . = ASSERT ((__heap_end__ <= __stack_start__), error: section .heap overlaps absolute placed section .stack)
                0x0000000020010000                __stack_process_load_start__ = ALIGN (__stack_end__, 0x8)

.stack_process  0x0000000020010000        0x0
                0x0000000020010000                __stack_process_start__ = .
 *(.stack_process .stack_process.*)
                0x0000000020010000                . = ALIGN (MAX ((__stack_process_start__ + __STACKSIZE_PROCESS__), .), 0x8)
                0x0000000020010000                __stack_process_end__ = (__stack_process_start__ + SIZEOF (.stack_process))
                0x0000000000000000                __stack_process_size__ = SIZEOF (.stack_process)
                0x0000000020010000                __stack_process_load_end__ = __stack_process_end__
                0x0000000020010000                __SRAM_segment_used_end__ = (ALIGN (__stack_end__, 0x8) + SIZEOF (.stack_process))
                0x0000000000010000                __SRAM_segment_used_size__ = (__SRAM_segment_used_end__ - __SRAM_segment_start__)
                0x0000000000000001                . = ASSERT (((__stack_process_start__ == __stack_process_end__) || ((__stack_process_end__ - __SRAM_segment_start__) <= __SRAM_segment_size__)), error: .stack_process is too large to fit in SRAM memory segment)
START GROUP
LOAD Output/nrf52832_xxaa/Obj/ss_twr_resp/thumb_crt0.o
LOAD Output/nrf52832_xxaa/Obj/ss_twr_resp/system_nrf52.o
LOAD Output/nrf52832_xxaa/Obj/ss_twr_resp/ses_nrf52_startup.o
LOAD Output/nrf52832_xxaa/Obj/ss_twr_resp/main.o
LOAD Output/nrf52832_xxaa/Obj/ss_twr_resp/ss_resp_main.o
LOAD Output/nrf52832_xxaa/Obj/ss_twr_resp/boards.o
LOAD Output/nrf52832_xxaa/Obj/ss_twr_resp/bsp.o
LOAD Output/nrf52832_xxaa/Obj/ss_twr_resp/bsp_nfc.o
LOAD Output/nrf52832_xxaa/Obj/ss_twr_resp/nrf_drv_common.o
LOAD Output/nrf52832_xxaa/Obj/ss_twr_resp/nrf_drv_gpiote.o
LOAD Output/nrf52832_xxaa/Obj/ss_twr_resp/nrf_drv_spi.o
LOAD Output/nrf52832_xxaa/Obj/ss_twr_resp/nrf_drv_uart.o
LOAD Output/nrf52832_xxaa/Obj/ss_twr_resp/nrf_drv_clock.o
LOAD Output/nrf52832_xxaa/Obj/ss_twr_resp/app_button.o
LOAD Output/nrf52832_xxaa/Obj/ss_twr_resp/app_error.o
LOAD Output/nrf52832_xxaa/Obj/ss_twr_resp/app_error_weak.o
LOAD Output/nrf52832_xxaa/Obj/ss_twr_resp/app_scheduler.o
LOAD Output/nrf52832_xxaa/Obj/ss_twr_resp/app_util_platform.o
LOAD Output/nrf52832_xxaa/Obj/ss_twr_resp/nrf_assert.o
LOAD Output/nrf52832_xxaa/Obj/ss_twr_resp/nrf_balloc.o
LOAD Output/nrf52832_xxaa/Obj/ss_twr_resp/nrf_fprintf.o
LOAD Output/nrf52832_xxaa/Obj/ss_twr_resp/nrf_fprintf_format.o
LOAD Output/nrf52832_xxaa/Obj/ss_twr_resp/nrf_memobj.o
LOAD Output/nrf52832_xxaa/Obj/ss_twr_resp/nrf_strerror.o
LOAD Output/nrf52832_xxaa/Obj/ss_twr_resp/app_timer.o
LOAD Output/nrf52832_xxaa/Obj/ss_twr_resp/nrf_log_backend_rtt.o
LOAD Output/nrf52832_xxaa/Obj/ss_twr_resp/nrf_log_backend_serial.o
LOAD Output/nrf52832_xxaa/Obj/ss_twr_resp/nrf_log_backend_uart.o
LOAD Output/nrf52832_xxaa/Obj/ss_twr_resp/nrf_log_default_backends.o
LOAD Output/nrf52832_xxaa/Obj/ss_twr_resp/nrf_log_frontend.o
LOAD Output/nrf52832_xxaa/Obj/ss_twr_resp/nrf_log_str_formatter.o
LOAD Output/nrf52832_xxaa/Obj/ss_twr_resp/SEGGER_RTT.o
LOAD Output/nrf52832_xxaa/Obj/ss_twr_resp/SEGGER_RTT_printf.o
LOAD Output/nrf52832_xxaa/Obj/ss_twr_resp/SEGGER_RTT_Syscalls_KEIL.o
LOAD Output/nrf52832_xxaa/Obj/ss_twr_resp/deca_device.o
LOAD Output/nrf52832_xxaa/Obj/ss_twr_resp/deca_params_init.o
LOAD Output/nrf52832_xxaa/Obj/ss_twr_resp/port_platform.o
LOAD Output/nrf52832_xxaa/Obj/ss_twr_resp/croutine.o
LOAD Output/nrf52832_xxaa/Obj/ss_twr_resp/event_groups.o
LOAD Output/nrf52832_xxaa/Obj/ss_twr_resp/list.o
LOAD Output/nrf52832_xxaa/Obj/ss_twr_resp/queue.o
LOAD Output/nrf52832_xxaa/Obj/ss_twr_resp/tasks.o
LOAD Output/nrf52832_xxaa/Obj/ss_twr_resp/timers.o
LOAD Output/nrf52832_xxaa/Obj/ss_twr_resp/heap_1.o
LOAD Output/nrf52832_xxaa/Obj/ss_twr_resp/app_timer_freertos.o
LOAD Output/nrf52832_xxaa/Obj/ss_twr_resp/port_cmsis.o
LOAD Output/nrf52832_xxaa/Obj/ss_twr_resp/port_cmsis_systick.o
LOAD Output/nrf52832_xxaa/Obj/ss_twr_resp/port.o
LOAD C:/Program Files/SEGGER/SEGGER Embedded Studio for ARM 5.70a/lib/libm_v7em_fpv4_sp_d16_hard_t_le_eabi.a
LOAD C:/Program Files/SEGGER/SEGGER Embedded Studio for ARM 5.70a/lib/libc_v7em_fpv4_sp_d16_hard_t_le_eabi.a
LOAD C:/Program Files/SEGGER/SEGGER Embedded Studio for ARM 5.70a/lib/libdebugio_v7em_fpv4_sp_d16_hard_t_le_eabi.a
END GROUP
OUTPUT(Output/nrf52832_xxaa/Exe/ss_twr_resp.elf elf32-littlearm)
LOAD linker stubs

.ARM.attributes
                0x0000000000000000       0x32
 .ARM.attributes
                0x0000000000000000       0x20 Output/nrf52832_xxaa/Obj/ss_twr_resp/thumb_crt0.o
 .ARM.attributes
                0x0000000000000020       0x36 Output/nrf52832_xxaa/Obj/ss_twr_resp/system_nrf52.o
 .ARM.attributes
                0x0000000000000056       0x20 Output/nrf52832_xxaa/Obj/ss_twr_resp/ses_nrf52_startup.o
 .ARM.attributes
                0x0000000000000076       0x36 Output/nrf52832_xxaa/Obj/ss_twr_resp/main.o
 .ARM.attributes
                0x00000000000000ac       0x36 Output/nrf52832_xxaa/Obj/ss_twr_resp/ss_resp_main.o
 .ARM.attributes
                0x00000000000000e2       0x36 Output/nrf52832_xxaa/Obj/ss_twr_resp/nrf_drv_common.o
 .ARM.attributes
                0x0000000000000118       0x36 Output/nrf52832_xxaa/Obj/ss_twr_resp/nrf_drv_gpiote.o
 .ARM.attributes
                0x000000000000014e       0x36 Output/nrf52832_xxaa/Obj/ss_twr_resp/nrf_drv_spi.o
 .ARM.attributes
                0x0000000000000184       0x36 Output/nrf52832_xxaa/Obj/ss_twr_resp/nrf_drv_uart.o
 .ARM.attributes
                0x00000000000001ba       0x36 Output/nrf52832_xxaa/Obj/ss_twr_resp/nrf_drv_clock.o
 .ARM.attributes
                0x00000000000001f0       0x36 Output/nrf52832_xxaa/Obj/ss_twr_resp/app_error.o
 .ARM.attributes
                0x0000000000000226       0x36 Output/nrf52832_xxaa/Obj/ss_twr_resp/app_error_weak.o
 .ARM.attributes
                0x000000000000025c       0x36 Output/nrf52832_xxaa/Obj/ss_twr_resp/app_util_platform.o
 .ARM.attributes
                0x0000000000000292       0x36 Output/nrf52832_xxaa/Obj/ss_twr_resp/deca_device.o
 .ARM.attributes
                0x00000000000002c8       0x36 Output/nrf52832_xxaa/Obj/ss_twr_resp/deca_params_init.o
 .ARM.attributes
                0x00000000000002fe       0x36 Output/nrf52832_xxaa/Obj/ss_twr_resp/port_platform.o
 .ARM.attributes
                0x0000000000000334       0x36 Output/nrf52832_xxaa/Obj/ss_twr_resp/list.o
 .ARM.attributes
                0x000000000000036a       0x36 Output/nrf52832_xxaa/Obj/ss_twr_resp/queue.o
 .ARM.attributes
                0x00000000000003a0       0x36 Output/nrf52832_xxaa/Obj/ss_twr_resp/tasks.o
 .ARM.attributes
                0x00000000000003d6       0x36 Output/nrf52832_xxaa/Obj/ss_twr_resp/timers.o
 .ARM.attributes
                0x000000000000040c       0x36 Output/nrf52832_xxaa/Obj/ss_twr_resp/heap_1.o
 .ARM.attributes
                0x0000000000000442       0x36 Output/nrf52832_xxaa/Obj/ss_twr_resp/port_cmsis.o
 .ARM.attributes
                0x0000000000000478       0x36 Output/nrf52832_xxaa/Obj/ss_twr_resp/port_cmsis_systick.o
 .ARM.attributes
                0x00000000000004ae       0x36 Output/nrf52832_xxaa/Obj/ss_twr_resp/port.o
 .ARM.attributes
                0x00000000000004e4       0x36 C:/Program Files/SEGGER/SEGGER Embedded Studio for ARM 5.70a/lib/libc_v7em_fpv4_sp_d16_hard_t_le_eabi.a(libc2.o)
 .ARM.attributes
                0x000000000000051a       0x20 C:/Program Files/SEGGER/SEGGER Embedded Studio for ARM 5.70a/lib/libc_v7em_fpv4_sp_d16_hard_t_le_eabi.a(libc2_asm.o)

.comment        0x0000000000000000       0x3f
 .comment       0x0000000000000000       0x3f Output/nrf52832_xxaa/Obj/ss_twr_resp/system_nrf52.o
                                         0x40 (size before relaxing)
 .comment       0x000000000000003f       0x40 Output/nrf52832_xxaa/Obj/ss_twr_resp/main.o